Archive member included to satisfy reference by file (symbol)

D:/Program Files/SEGGER/SEGGER Embedded Studio for ARM 3.34/lib/libm_v7m_t_le_eabi.a(libm_asm.o)
                              Output/Vehicle Debug/Obj/Uart.o (__aeabi_i2d)
D:/Program Files/SEGGER/SEGGER Embedded Studio for ARM 3.34/lib/libc_v7m_t_le_eabi.a(libc2.o)
                              Output/Vehicle Debug/Obj/BSP.o (printf)
D:/Program Files/SEGGER/SEGGER Embedded Studio for ARM 3.34/lib/libc_v7m_t_le_eabi.a(libc2_asm.o)
                              D:/Program Files/SEGGER/SEGGER Embedded Studio for ARM 3.34/lib/libc_v7m_t_le_eabi.a(libc2.o) (memcpy)
D:/Program Files/SEGGER/SEGGER Embedded Studio for ARM 3.34/lib/libc_v7m_t_le_eabi.a(libc_asm.o)
                              D:/Program Files/SEGGER/SEGGER Embedded Studio for ARM 3.34/lib/libc_v7m_t_le_eabi.a(libc2.o) (__aeabi_uldivmod)
D:/Program Files/SEGGER/SEGGER Embedded Studio for ARM 3.34/lib/libdebugio_v7m_t_le_eabi.a(libdebugio.o)
                              Output/Vehicle Debug/Obj/thumb_crt0.o (debug_fopen)
D:/Program Files/SEGGER/SEGGER Embedded Studio for ARM 3.34/lib/libdebugio_mempoll_v7m_t_le_eabi.a(mempoll_debug_operations.o)
                              D:/Program Files/SEGGER/SEGGER Embedded Studio for ARM 3.34/lib/libdebugio_v7m_t_le_eabi.a(libdebugio.o) (__do_debug_operation)
D:/Program Files/SEGGER/SEGGER Embedded Studio for ARM 3.34/lib/libdebugio_mempoll_v7m_t_le_eabi.a(do_nv_debug_operation.o)
                              D:/Program Files/SEGGER/SEGGER Embedded Studio for ARM 3.34/lib/libdebugio_v7m_t_le_eabi.a(libdebugio.o) (__do_nvdebug_operation)
D:/Program Files/SEGGER/SEGGER Embedded Studio for ARM 3.34/lib/libm_v7m_t_le_eabi.a(libm2.o)
                              D:/Program Files/SEGGER/SEGGER Embedded Studio for ARM 3.34/lib/libvfprintf_v7m_t_le_eabi.o (frexp)
D:/Program Files/SEGGER/SEGGER Embedded Studio for ARM 3.34/lib/libm_v7m_t_le_eabi.a(libm2_asm.o)
                              D:/Program Files/SEGGER/SEGGER Embedded Studio for ARM 3.34/lib/libm_v7m_t_le_eabi.a(libm2.o) (fabs)

Discarded input sections

 .group         0x0000000000000000        0x8 Output/Vehicle Debug/Obj/system_stm32f10x.o
 .group         0x0000000000000000        0x8 Output/Vehicle Debug/Obj/system_stm32f10x.o
 .group         0x0000000000000000        0x8 Output/Vehicle Debug/Obj/system_stm32f10x.o
 .group         0x0000000000000000        0x8 Output/Vehicle Debug/Obj/system_stm32f10x.o
 .group         0x0000000000000000        0x8 Output/Vehicle Debug/Obj/system_stm32f10x.o
 .group         0x0000000000000000        0x8 Output/Vehicle Debug/Obj/system_stm32f10x.o
 .group         0x0000000000000000        0x8 Output/Vehicle Debug/Obj/system_stm32f10x.o
 .text          0x0000000000000000        0x0 Output/Vehicle Debug/Obj/system_stm32f10x.o
 .data          0x0000000000000000        0x0 Output/Vehicle Debug/Obj/system_stm32f10x.o
 .bss           0x0000000000000000        0x0 Output/Vehicle Debug/Obj/system_stm32f10x.o
 .group         0x0000000000000000        0x8 Output/Vehicle Debug/Obj/Retarget.o
 .group         0x0000000000000000        0x8 Output/Vehicle Debug/Obj/Retarget.o
 .group         0x0000000000000000        0x8 Output/Vehicle Debug/Obj/Retarget.o
 .group         0x0000000000000000        0x8 Output/Vehicle Debug/Obj/Retarget.o
 .group         0x0000000000000000        0x8 Output/Vehicle Debug/Obj/Retarget.o
 .group         0x0000000000000000        0x8 Output/Vehicle Debug/Obj/Retarget.o
 .group         0x0000000000000000        0x8 Output/Vehicle Debug/Obj/Retarget.o
 .group         0x0000000000000000        0x8 Output/Vehicle Debug/Obj/Retarget.o
 .group         0x0000000000000000        0x8 Output/Vehicle Debug/Obj/Retarget.o
 .group         0x0000000000000000        0x8 Output/Vehicle Debug/Obj/Retarget.o
 .group         0x0000000000000000        0x8 Output/Vehicle Debug/Obj/Retarget.o
 .group         0x0000000000000000        0x8 Output/Vehicle Debug/Obj/Retarget.o
 .group         0x0000000000000000        0x8 Output/Vehicle Debug/Obj/Retarget.o
 .group         0x0000000000000000        0x8 Output/Vehicle Debug/Obj/Retarget.o
 .text          0x0000000000000000        0x0 Output/Vehicle Debug/Obj/Retarget.o
 .data          0x0000000000000000        0x0 Output/Vehicle Debug/Obj/Retarget.o
 .bss           0x0000000000000000        0x0 Output/Vehicle Debug/Obj/Retarget.o
 .bss.ITM_RxBuffer
                0x0000000000000000        0x4 Output/Vehicle Debug/Obj/Retarget.o
 .text.GetKey   0x0000000000000000        0xe Output/Vehicle Debug/Obj/Retarget.o
 .text.__getchar
                0x0000000000000000        0xc Output/Vehicle Debug/Obj/Retarget.o
 .text.FlushInBuf
                0x0000000000000000        0x4 Output/Vehicle Debug/Obj/Retarget.o
 .debug_macro   0x0000000000000000      0x8da Output/Vehicle Debug/Obj/Retarget.o
 .debug_macro   0x0000000000000000      0x189 Output/Vehicle Debug/Obj/Retarget.o
[...]
Memory Configuration

Name             Origin             Length             Attributes
UNPLACED_SECTIONS 0x0000000100000000 0x0000000000000000 xw
RAM              0x0000000020000000 0x0000000000005000 xw
FLASH            0x0000000008000000 0x0000000000020000 xr
*default*        0x0000000000000000 0xffffffffffffffff

Linker script and memory map

                0x00000000080020c0                __vfprintf = __vfprintf_float_long
                0x0000000000000000                __vfscanf = __vfscanf_int
                0x0000000020000000                __RAM_segment_start__ = 0x20000000
                0x0000000020005000                __RAM_segment_end__ = 0x20005000
                0x0000000000005000                __RAM_segment_size__ = 0x5000
                0x0000000008000000                __FLASH_segment_start__ = 0x8000000
                0x0000000008020000                __FLASH_segment_end__ = 0x8020000
                0x0000000000020000                __FLASH_segment_size__ = 0x20000
                0x0000000000000100                __HEAPSIZE__ = 0x100
                0x0000000000000000                __STACKSIZE_ABT__ = 0x0
                0x0000000000000000                __STACKSIZE_FIQ__ = 0x0
                0x0000000000000000                __STACKSIZE_IRQ__ = 0x0
                0x0000000000000400                __STACKSIZE_PROCESS__ = 0x400
                0x0000000000000000                __STACKSIZE_SVC__ = 0x0
                0x0000000000000000                __STACKSIZE_UND__ = 0x0
                0x0000000000000400                __STACKSIZE__ = 0x400
                0x0000000020000000                __vectors_ram_load_start__ = ALIGN (__RAM_segment_start__, 0x100)

.vectors_ram    0x0000000020000000        0x0
                0x0000000020000000                __vectors_ram_start__ = .
 *(.vectors_ram .vectors_ram.*)
                0x0000000020000000                __vectors_ram_end__ = (__vectors_ram_start__ + SIZEOF (.vectors_ram))
                0x0000000000000000                __vectors_ram_size__ = SIZEOF (.vectors_ram)
                0x0000000020000000                __vectors_ram_load_end__ = __vectors_ram_end__
                0x0000000000000001                . = ASSERT (((__vectors_ram_start__ == __vectors_ram_end__) || ((__vectors_ram_end__ >= __RAM_segment_start__) && (__vectors_ram_end__ <= __RAM_segment_end__))), error: .vectors_ram is too large to fit in RAM memory segment)
                0x0000000008000000                __vectors_load_start__ = ALIGN (__FLASH_segment_start__, 0x100)

.vectors        0x0000000008000000      0x130
                0x0000000008000000                __vectors_start__ = .
 *(.vectors .vectors.*)
 .vectors       0x0000000008000000      0x130 Output/Vehicle Debug/Obj/STM32F103xx_Vectors.o
                0x0000000008000000                _vectors
                0x0000000008000130                __vectors_end__ = (__vectors_start__ + SIZEOF (.vectors))
                0x0000000000000130                __vectors_size__ = SIZEOF (.vectors)
                0x0000000008000130                __vectors_load_end__ = __vectors_end__
                0x0000000000000001                . = ASSERT (((__vectors_start__ == __vectors_end__) || ((__vectors_end__ >= __FLASH_segment_start__) && (__vectors_end__ <= __FLASH_segment_end__))), error: .vectors is too large to fit in FLASH memory segment)
                0x0000000008000130                __init_load_start__ = ALIGN (__vectors_end__, 0x4)

.init           0x0000000008000130      0x204
                0x0000000008000130                __init_start__ = .
 *(.init .init.*)
 .init          0x0000000008000130       0x28 Output/Vehicle Debug/Obj/STM32F1xx_Startup.o
                0x0000000008000130                Reset_Handler
 .init          0x0000000008000158       0x84 Output/Vehicle Debug/Obj/STM32F103xx_Vectors.o
                0x0000000008000158                NMI_Handler
                0x000000000800015c                SVC_Handler
                0x000000000800015e                PendSV_Handler
                0x0000000008000164                WWDG_IRQHandler
                0x0000000008000166                PVD_IRQHandler
                0x0000000008000168                TAMPER_IRQHandler
                0x000000000800016a                RTC_IRQHandler
                0x000000000800016c                FLASH_IRQHandler
                0x000000000800016e                RCC_IRQHandler
                0x000000000800017a                DMA1_Channel1_IRQHandler
                0x000000000800017c                DMA1_Channel2_IRQHandler
                0x000000000800017e                DMA1_Channel3_IRQHandler
                0x0000000008000180                DMA1_Channel4_IRQHandler
                0x0000000008000182                DMA1_Channel5_IRQHandler
                0x0000000008000184                DMA1_Channel6_IRQHandler
                0x0000000008000186                DMA1_Channel7_IRQHandler
                0x0000000008000188                ADC_IRQHandler
                0x000000000800018a                CAN1_TX_IRQHandler
                0x000000000800018c                CAN1_RX0_IRQHandler
                0x000000000800018e                CAN1_RX1_IRQHandler
                0x0000000008000190                CAN1_SCE_IRQHandler
                0x0000000008000194                TIM1_BRK_TIM9_IRQHandler
                0x0000000008000198                TIM1_TRG_COM_TIM11_IRQHandler
                0x000000000800019a                TIM1_CC_IRQHandler
                0x00000000080001a4                I2C1_ER_IRQHandler
                0x00000000080001a8                I2C2_ER_IRQHandler
                0x00000000080001aa                SPI1_IRQHandler
                0x00000000080001ac                SPI2_IRQHandler
                0x00000000080001b6                RTCAlarm_IRQHandler
                0x00000000080001b8                USB_FS_WKUP_IRQHandler
                0x00000000080001ba                TIM8_BRK_TIM12_IRQHandler
                0x00000000080001bc                TIM8_UP_TIM13_IRQHandler
                0x00000000080001be                TIM8_TRG_COM_TIM14_IRQHandler
                0x00000000080001c0                TIM8_CC_IRQHandler
                0x00000000080001c2                ADC3_IRQHandler
                0x00000000080001c4                FSMC_IRQHandler
                0x00000000080001c6                SDIO_IRQHandler
                0x00000000080001c8                TIM5_IRQHandler
                0x00000000080001ca                SPI3_IRQHandler
                0x00000000080001cc                UART4_IRQHandler
                0x00000000080001ce                UART5_IRQHandler
                0x00000000080001d0                TIM6_IRQHandler
                0x00000000080001d2                TIM7_IRQHandler
                0x00000000080001d4                DMA2_Channel1_IRQHandler
                0x00000000080001d6                DMA2_Channel2_IRQHandler
                0x00000000080001d8                DMA2_Channel3_IRQHandler
                0x00000000080001da                DMA2_Channel4_5_IRQHandler
 .init          0x00000000080001dc      0x158 Output/Vehicle Debug/Obj/thumb_crt0.o
                0x00000000080001dc                _start
                0x000000000800028e                exit
                0x0000000008000334                __init_end__ = (__init_start__ + SIZEOF (.init))
                0x0000000000000204                __init_size__ = SIZEOF (.init)
                0x0000000008000334                __init_load_end__ = __init_end__
                0x0000000000000001                . = ASSERT (((__init_start__ == __init_end__) || ((__init_end__ >= __FLASH_segment_start__) && (__init_end__ <= __FLASH_segment_end__))), error: .init is too large to fit in FLASH memory segment)
                0x0000000008000334                __init_rodata_load_start__ = ALIGN (__init_end__, 0x4)

.init_rodata    0x0000000008000334        0x0
                0x0000000008000334                __init_rodata_start__ = .
 *(.init_rodata .init_rodata.*)
                0x0000000008000334                __init_rodata_end__ = (__init_rodata_start__ + SIZEOF (.init_rodata))
                0x0000000000000000                __init_rodata_size__ = SIZEOF (.init_rodata)
                0x0000000008000334                __init_rodata_load_end__ = __init_rodata_end__
                0x0000000000000001                . = ASSERT (((__init_rodata_start__ == __init_rodata_end__) || ((__init_rodata_end__ >= __FLASH_segment_start__) && (__init_rodata_end__ <= __FLASH_segment_end__))), error: .init_rodata is too large to fit in FLASH memory segment)
                0x0000000008000334                __text_load_start__ = ALIGN (__init_rodata_end__, 0x4)

.text           0x0000000008000334     0x323c
                0x0000000008000334                __text_start__ = .
 *(.text .text.* .glue_7t .glue_7 .gnu.linkonce.t.* .gcc_except_table .ARM.extab* .gnu.linkonce.armextab.*)
 .glue_7        0x0000000008000334        0x0 linker stubs
 .glue_7t       0x0000000008000334        0x0 linker stubs
 .text.SystemInit
                0x0000000008000334       0x68 Output/Vehicle Debug/Obj/system_stm32f10x.o
                0x0000000008000334                SystemInit
 .text.SystemCoreClockUpdate
                0x000000000800039c       0xd0 Output/Vehicle Debug/Obj/system_stm32f10x.o
                0x000000000800039c                SystemCoreClockUpdate
 .text.SetSysClock
                0x000000000800046c        0xa Output/Vehicle Debug/Obj/system_stm32f10x.o
 *fill*         0x0000000008000476        0x2 
 .text.SetSysClockTo72
                0x0000000008000478       0xfc Output/Vehicle Debug/Obj/system_stm32f10x.o
 .text.__putchar
                0x0000000008000574       0x22 Output/Vehicle Debug/Obj/Retarget.o
                0x0000000008000574                __putchar
 *fill*         0x0000000008000596        0x2 
 .text.PortInit
                0x0000000008000598       0xa0 Output/Vehicle Debug/Obj/Hal.o
                0x0000000008000598                PortInit
 .text.BSPInit  0x0000000008000638        0xe Output/Vehicle Debug/Obj/BSP.o
                0x0000000008000638                BSPInit
 *fill*         0x0000000008000646        0x2 
 .text.HardFault_Handler
                0x0000000008000648       0x20 Output/Vehicle Debug/Obj/BSP.o
                0x0000000008000648                HardFault_Handler
 .text.NVIC_EnableIRQ
                0x0000000008000668       0x2c Output/Vehicle Debug/Obj/IRQ.o
 .text.IRQInit  0x0000000008000694       0x12 Output/Vehicle Debug/Obj/IRQ.o
                0x0000000008000694                IRQInit
 *fill*         0x00000000080006a6        0x2 
 .text.EXTI0_IRQHandler
                0x00000000080006a8       0x14 Output/Vehicle Debug/Obj/IRQ.o
                0x00000000080006a8                EXTI0_IRQHandler
 .text.EXTI1_IRQHandler
                0x00000000080006bc       0x14 Output/Vehicle Debug/Obj/IRQ.o
                0x00000000080006bc                EXTI1_IRQHandler
 .text.EXTI2_IRQHandler
                0x00000000080006d0       0x14 Output/Vehicle Debug/Obj/IRQ.o
                0x00000000080006d0                EXTI2_IRQHandler
 .text.EXTI3_IRQHandler
                0x00000000080006e4       0x14 Output/Vehicle Debug/Obj/IRQ.o
                0x00000000080006e4                EXTI3_IRQHandler
 .text.EXTI4_IRQHandler
                0x00000000080006f8       0x14 Output/Vehicle Debug/Obj/IRQ.o
                0x00000000080006f8                EXTI4_IRQHandler
 .text.EXTI9_5_IRQHandler
                0x000000000800070c       0x48 Output/Vehicle Debug/Obj/IRQ.o
                0x000000000800070c                EXTI9_5_IRQHandler
 .text.EXTI15_10_IRQHandler
                0x0000000008000754       0x48 Output/Vehicle Debug/Obj/IRQ.o
                0x0000000008000754                EXTI15_10_IRQHandler
 .text.NVIC_SetPriority
                0x000000000800079c       0x50 Output/Vehicle Debug/Obj/main.o
 .text.SysTick_Config
                0x00000000080007ec       0x40 Output/Vehicle Debug/Obj/main.o
 .text.main     0x000000000800082c       0xe4 Output/Vehicle Debug/Obj/main.o
                0x000000000800082c                main
 .text.main_I2cInit
                0x0000000008000910       0x3c Output/Vehicle Debug/Obj/main.o
 .text.SysTick_Handler
                0x000000000800094c       0x34 Output/Vehicle Debug/Obj/main.o
                0x000000000800094c                SysTick_Handler
 .text.USART1_IRQHandler
                0x0000000008000980       0x4c Output/Vehicle Debug/Obj/Uart.o
                0x0000000008000980                USART1_IRQHandler
 .text.USART2_IRQHandler
                0x00000000080009cc       0x48 Output/Vehicle Debug/Obj/Uart.o
                0x00000000080009cc                USART2_IRQHandler
 .text.USART3_IRQHandler
                0x0000000008000a14       0x48 Output/Vehicle Debug/Obj/Uart.o
                0x0000000008000a14                USART3_IRQHandler
 .text.UartIsrTx
                0x0000000008000a5c       0x5c Output/Vehicle Debug/Obj/Serial.o
                0x0000000008000a5c                UartIsrTx
 .text.UartIsrRx
                0x0000000008000ab8       0x5c Output/Vehicle Debug/Obj/Serial.o
                0x0000000008000ab8                UartIsrRx
 .text.NVIC_EnableIRQ
                0x0000000008000b14       0x2c Output/Vehicle Debug/Obj/Timer.o
 .text.TimerInit
                0x0000000008000b40      0x1cc Output/Vehicle Debug/Obj/Timer.o
                0x0000000008000b40                TimerInit
 .text.timer_IRQHandler
                0x0000000008000d0c       0x88 Output/Vehicle Debug/Obj/Timer.o
 .text.TIM1_UP_TIM10_IRQHandler
                0x0000000008000d94       0x14 Output/Vehicle Debug/Obj/Timer.o
                0x0000000008000d94                TIM1_UP_TIM10_IRQHandler
 .text.TIM2_IRQHandler
                0x0000000008000da8       0x14 Output/Vehicle Debug/Obj/Timer.o
                0x0000000008000da8                TIM2_IRQHandler
 .text.TIM3_IRQHandler
                0x0000000008000dbc       0x14 Output/Vehicle Debug/Obj/Timer.o
                0x0000000008000dbc                TIM3_IRQHandler
 .text.TIM4_IRQHandler
                0x0000000008000dd0       0x14 Output/Vehicle Debug/Obj/Timer.o
                0x0000000008000dd0                TIM4_IRQHandler
 .text.NVIC_EnableIRQ
                0x0000000008000de4       0x2c Output/Vehicle Debug/Obj/i2c.o
 .text.I2cInit  0x0000000008000e10      0x168 Output/Vehicle Debug/Obj/i2c.o
                0x0000000008000e10                I2cInit
 .text.I2cWrite
                0x0000000008000f78       0x90 Output/Vehicle Debug/Obj/i2c.o
                0x0000000008000f78                I2cWrite
 .text.I2cAddHook
                0x0000000008001008       0x64 Output/Vehicle Debug/Obj/i2c.o
                0x0000000008001008                I2cAddHook
 .text.i2c_Handler
                0x000000000800106c      0x280 Output/Vehicle Debug/Obj/i2c.o
 .text.I2C1_EV_IRQHandler
                0x00000000080012ec       0x1c Output/Vehicle Debug/Obj/i2c.o
                0x00000000080012ec                I2C1_EV_IRQHandler
 .text.I2C2_EV_IRQHandler
                0x0000000008001308       0x1c Output/Vehicle Debug/Obj/i2c.o
                0x0000000008001308                I2C2_EV_IRQHandler
 .text.LCD_init
                0x0000000008001324       0x58 Output/Vehicle Debug/Obj/LCD.o
                0x0000000008001324                LCD_init
 .text.Write_Data_Sequence
                0x000000000800137c       0xd8 Output/Vehicle Debug/Obj/LCD.o
                0x000000000800137c                Write_Data_Sequence
 .text.Write_Ctrl_Sequence
                0x0000000008001454       0xe4 Output/Vehicle Debug/Obj/LCD.o
                0x0000000008001454                Write_Ctrl_Sequence
 .text.LCD_Write_Data
                0x0000000008001538       0x1c Output/Vehicle Debug/Obj/LCD.o
                0x0000000008001538                LCD_Write_Data
 .text.lcd_cbI2cDone
                0x0000000008001554       0x10 Output/Vehicle Debug/Obj/LCD.o
 .text.__aeabi_read_tp
                0x0000000008001564        0x8 Output/Vehicle Debug/Obj/thumb_crt0.o
                0x0000000008001564                __aeabi_read_tp
 .text.__printf_lock
                0x000000000800156c        0x2 Output/Vehicle Debug/Obj/thumb_crt0.o
                0x000000000800156c                __printf_lock
 .text.__printf_unlock
                0x000000000800156e        0x2 Output/Vehicle Debug/Obj/thumb_crt0.o
                0x000000000800156e                __printf_unlock
 .text.__debug_io_lock
                0x0000000008001570        0x2 Output/Vehicle Debug/Obj/thumb_crt0.o
                0x0000000008001570                __debug_io_lock
 .text.__debug_io_unlock
                0x0000000008001572        0x2 Output/Vehicle Debug/Obj/thumb_crt0.o
                0x0000000008001572                __debug_io_unlock
 .text.libc.__int64_to_float64
                0x0000000008001574       0xa0 D:/Program Files/SEGGER/SEGGER Embedded Studio for ARM 3.34/lib/libm_v7m_t_le_eabi.a(libm_asm.o)
                0x0000000008001574                __int64_to_float64
                0x0000000008001574                __aeabi_l2d
                0x0000000008001574                __floatdidf
                0x0000000008001598                __RAL_aeabi_l2d_common
 .text.libc.__uint64_to_float64
                0x0000000008001614       0x14 D:/Program Files/SEGGER/SEGGER Embedded Studio for ARM 3.34/lib/libm_v7m_t_le_eabi.a(libm_asm.o)
                0x0000000008001614                __aeabi_ul2d
                0x0000000008001614                __floatundidf
                0x0000000008001614                __uint64_to_float64
 .text.libc.__float64_to_uint64
                0x0000000008001628       0x48 D:/Program Files/SEGGER/SEGGER Embedded Studio for ARM 3.34/lib/libm_v7m_t_le_eabi.a(libm_asm.o)
                0x0000000008001628                __fixunsdfdi
                0x0000000008001628                __float64_to_uint64
                0x0000000008001628                __aeabi_d2ulz
 .text.libc.__float64_add
                0x0000000008001670      0x294 D:/Program Files/SEGGER/SEGGER Embedded Studio for ARM 3.34/lib/libm_v7m_t_le_eabi.a(libm_asm.o)
                0x0000000008001670                __aeabi_drsub
                0x0000000008001678                __aeabi_dsub
                0x0000000008001678                __float64_sub
                0x0000000008001678                __subdf3
                0x000000000800167c                __aeabi_dadd
                0x000000000800167c                __float64_add
                0x000000000800167c                __adddf3
 .text.libc.__float64_mul
                0x0000000008001904      0x16c D:/Program Files/SEGGER/SEGGER Embedded Studio for ARM 3.34/lib/libm_v7m_t_le_eabi.a(libm_asm.o)
                0x0000000008001904                __float64_mul
                0x0000000008001904                __muldf3
                0x0000000008001904                __aeabi_dmul
 .text.libc.__float64_div
                0x0000000008001a70      0x214 D:/Program Files/SEGGER/SEGGER Embedded Studio for ARM 3.34/lib/libm_v7m_t_le_eabi.a(libm_asm.o)
                0x0000000008001a70                __divdf3
                0x0000000008001a70                __float64_div
                0x0000000008001a70                __aeabi_ddiv
 .text.libc.__float64_cmpeq
                0x0000000008001c84       0x34 D:/Program Files/SEGGER/SEGGER Embedded Studio for ARM 3.34/lib/libm_v7m_t_le_eabi.a(libm_asm.o)
                0x0000000008001c84                __aeabi_dcmpeq
 .text.libc.__float64_cmple
                0x0000000008001cb8       0x3c D:/Program Files/SEGGER/SEGGER Embedded Studio for ARM 3.34/lib/libm_v7m_t_le_eabi.a(libm_asm.o)
                0x0000000008001cb8                __aeabi_dcmple
 .text.libc.__float64_cmpge
                0x0000000008001cf4       0x3c D:/Program Files/SEGGER/SEGGER Embedded Studio for ARM 3.34/lib/libm_v7m_t_le_eabi.a(libm_asm.o)
                0x0000000008001cf4                __aeabi_dcmpge
 .text.libc.__float64_cmplt
                0x0000000008001d30       0x38 D:/Program Files/SEGGER/SEGGER Embedded Studio for ARM 3.34/lib/libm_v7m_t_le_eabi.a(libm_asm.o)
                0x0000000008001d30                __aeabi_dcmplt
 .text.libc.__float64_cmpgt
                0x0000000008001d68       0x38 D:/Program Files/SEGGER/SEGGER Embedded Studio for ARM 3.34/lib/libm_v7m_t_le_eabi.a(libm_asm.o)
                0x0000000008001d68                __aeabi_dcmpgt
 .text.libc.__float64_signbit
                0x0000000008001da0        0x8 D:/Program Files/SEGGER/SEGGER Embedded Studio for ARM 3.34/lib/libm_v7m_t_le_eabi.a(libm_asm.o)
                0x0000000008001da0                __float64_signbit
 .text.libc.__float64_isinf
                0x0000000008001da8       0x10 D:/Program Files/SEGGER/SEGGER Embedded Studio for ARM 3.34/lib/libm_v7m_t_le_eabi.a(libm_asm.o)
                0x0000000008001da8                __float64_isinf
 .text.libc.__float64_isnan
                0x0000000008001db8       0x10 D:/Program Files/SEGGER/SEGGER Embedded Studio for ARM 3.34/lib/libm_v7m_t_le_eabi.a(libm_asm.o)
                0x0000000008001db8                __float64_isnan
 .text.libc.__RAL_pow10
                0x0000000008001dc8       0x60 D:/Program Files/SEGGER/SEGGER Embedded Studio for ARM 3.34/lib/libc_v7m_t_le_eabi.a(libc2.o)
                0x0000000008001dc8                __RAL_pow10
 .text.libc.__putc
                0x0000000008001e28       0x34 D:/Program Files/SEGGER/SEGGER Embedded Studio for ARM 3.34/lib/libc_v7m_t_le_eabi.a(libc2.o)
                0x0000000008001e28                __putc
 .text.libc.__RAL_print_padding
                0x0000000008001e5c       0x1c D:/Program Files/SEGGER/SEGGER Embedded Studio for ARM 3.34/lib/libc_v7m_t_le_eabi.a(libc2.o)
                0x0000000008001e5c                __RAL_print_padding
 .text.libc.__RAL_pre_padding
                0x0000000008001e78       0x1c D:/Program Files/SEGGER/SEGGER Embedded Studio for ARM 3.34/lib/libc_v7m_t_le_eabi.a(libc2.o)
                0x0000000008001e78                __RAL_pre_padding
 .text.libc.abs
                0x0000000008001e94        0x8 D:/Program Files/SEGGER/SEGGER Embedded Studio for ARM 3.34/lib/libc_v7m_t_le_eabi.a(libc2.o)
                0x0000000008001e94                abs
 .text.libc.__aeabi_errno_addr
                0x0000000008001e9c       0x14 D:/Program Files/SEGGER/SEGGER Embedded Studio for ARM 3.34/lib/libc_v7m_t_le_eabi.a(libc2.o)
                0x0000000008001e9c                __aeabi_errno_addr
 .text.libc.printf
                0x0000000008001eb0       0x40 D:/Program Files/SEGGER/SEGGER Embedded Studio for ARM 3.34/lib/libc_v7m_t_le_eabi.a(libc2.o)
                0x0000000008001eb0                printf
 .text.libc.strnlen
                0x0000000008001ef0       0x20 D:/Program Files/SEGGER/SEGGER Embedded Studio for ARM 3.34/lib/libc_v7m_t_le_eabi.a(libc2.o)
                0x0000000008001ef0                strnlen
 .text.libc.memset
                0x0000000008001f10       0x68 D:/Program Files/SEGGER/SEGGER Embedded Studio for ARM 3.34/lib/libc_v7m_t_le_eabi.a(libc2_asm.o)
                0x0000000008001f10                memset
 .text.libc.strlen
                0x0000000008001f78       0x60 D:/Program Files/SEGGER/SEGGER Embedded Studio for ARM 3.34/lib/libc_v7m_t_le_eabi.a(libc2_asm.o)
                0x0000000008001f78                strlen
 .text.libc.__int64_udivmod
                0x0000000008001fd8       0xd0 D:/Program Files/SEGGER/SEGGER Embedded Studio for ARM 3.34/lib/libc_v7m_t_le_eabi.a(libc_asm.o)
                0x0000000008001fd8                __aeabi_uldivmod
                0x0000000008001fd8                __int64_udiv
                0x0000000008001fd8                __udivdi3
                0x0000000008001fd8                __int64_udivmod
 .text.libdebugio.debug_putchar
                0x00000000080020a8       0x18 D:/Program Files/SEGGER/SEGGER Embedded Studio for ARM 3.34/lib/libdebugio_v7m_t_le_eabi.a(libdebugio.o)
                0x00000000080020a8                debug_putchar
 .text.libc.__vfprintf_float_long
                0x00000000080020c0     0x1134 D:/Program Files/SEGGER/SEGGER Embedded Studio for ARM 3.34/lib/libvfprintf_v7m_t_le_eabi.o
                0x00000000080020c0                __vfprintf_float_long
 .text.libdebugio.__do_debug_operation
                0x00000000080031f4       0x30 D:/Program Files/SEGGER/SEGGER Embedded Studio for ARM 3.34/lib/libdebugio_mempoll_v7m_t_le_eabi.a(mempoll_debug_operations.o)
                0x00000000080031f4                __do_debug_operation
 .text.libc.frexp
                0x0000000008003224       0x48 D:/Program Files/SEGGER/SEGGER Embedded Studio for ARM 3.34/lib/libm_v7m_t_le_eabi.a(libm2.o)
                0x0000000008003224                frexp
                0x0000000008003224                frexp(double, int*)
 .text.libc.ldexp
                0x000000000800326c       0x6c D:/Program Files/SEGGER/SEGGER Embedded Studio for ARM 3.34/lib/libm_v7m_t_le_eabi.a(libm2.o)
                0x000000000800326c                ldexp
                0x000000000800326c                ldexp(double, int)
 .text.libc.modf
                0x00000000080032d8       0x90 D:/Program Files/SEGGER/SEGGER Embedded Studio for ARM 3.34/lib/libm_v7m_t_le_eabi.a(libm2.o)
                0x00000000080032d8                modf(double, double*)
                0x00000000080032d8                modf
 .text.libc.floor
                0x0000000008003368       0x9c D:/Program Files/SEGGER/SEGGER Embedded Studio for ARM 3.34/lib/libm_v7m_t_le_eabi.a(libm2.o)
                0x0000000008003368                floor(double)
                0x0000000008003368                floor
 .text.libc.fmod
                0x0000000008003404      0x164 D:/Program Files/SEGGER/SEGGER Embedded Studio for ARM 3.34/lib/libm_v7m_t_le_eabi.a(libm2.o)
                0x0000000008003404                fmod
                0x0000000008003404                fmod(double, double)
 .text.libc.fabs
                0x0000000008003568        0x8 D:/Program Files/SEGGER/SEGGER Embedded Studio for ARM 3.34/lib/libm_v7m_t_le_eabi.a(libm2_asm.o)
                0x0000000008003568                fabs(double)
                0x0000000008003568                fabs
                0x0000000008003570                __text_end__ = (__text_start__ + SIZEOF (.text))
                0x000000000000323c                __text_size__ = SIZEOF (.text)
                0x0000000008003570                __text_load_end__ = __text_end__

.vfp11_veneer   0x0000000100000000        0x0
 .vfp11_veneer  0x0000000100000000        0x0 linker stubs

.v4_bx          0x0000000100000000        0x0
 .v4_bx         0x0000000100000000        0x0 linker stubs

.iplt           0x0000000100000000        0x0
 .iplt          0x0000000100000000        0x0 Output/Vehicle Debug/Obj/system_stm32f10x.o
                0x0000000000000001                . = ASSERT (((__text_start__ == __text_end__) || ((__text_end__ >= __FLASH_segment_start__) && (__text_end__ <= __FLASH_segment_end__))), error: .text is too large to fit in FLASH memory segment)
                0x0000000008003570                __dtors_load_start__ = ALIGN (__text_end__, 0x4)

.dtors          0x0000000008003570        0x0
                0x0000000008003570                __dtors_start__ = .
 *(SORT(.dtors.*))
 *(.dtors)
 *(.fini_array)
 *(SORT(.fini_array.*))
                0x0000000008003570                __dtors_end__ = (__dtors_start__ + SIZEOF (.dtors))
                0x0000000000000000                __dtors_size__ = SIZEOF (.dtors)
                0x0000000008003570                __dtors_load_end__ = __dtors_end__
                0x0000000000000001                . = ASSERT (((__dtors_start__ == __dtors_end__) || ((__dtors_end__ >= __FLASH_segment_start__) && (__dtors_end__ <= __FLASH_segment_end__))), error: .dtors is too large to fit in FLASH memory segment)
                0x0000000008003570                __ctors_load_start__ = ALIGN (__dtors_end__, 0x4)

.ctors          0x0000000008003570        0x0
                0x0000000008003570                __ctors_start__ = .
 *(SORT(.ctors.*))
 *(.ctors)
 *(.init_array)
 *(SORT(.init_array.*))
                0x0000000008003570                __ctors_end__ = (__ctors_start__ + SIZEOF (.ctors))
                0x0000000000000000                __ctors_size__ = SIZEOF (.ctors)
                0x0000000008003570                __ctors_load_end__ = __ctors_end__
                0x0000000000000001                . = ASSERT (((__ctors_start__ == __ctors_end__) || ((__ctors_end__ >= __FLASH_segment_start__) && (__ctors_end__ <= __FLASH_segment_end__))), error: .ctors is too large to fit in FLASH memory segment)
                0x0000000008003570                __rodata_load_start__ = ALIGN (__ctors_end__, 0x4)

.rodata         0x0000000008003570      0x3a0
                0x0000000008003570                __rodata_start__ = .
 *(.rodata .rodata.* .gnu.linkonce.r.*)
 .rodata        0x0000000008003570       0x63 Output/Vehicle Debug/Obj/BSP.o
 *fill*         0x00000000080035d3        0x1 
 .rodata        0x00000000080035d4       0x5b Output/Vehicle Debug/Obj/main.o
 *fill*         0x000000000800362f        0x1 
 .rodata.UartInit.str1.4
                0x0000000008003630       0x5f Output/Vehicle Debug/Obj/Uart.o
 *fill*         0x000000000800368f        0x1 
 .rodata.SerialInit.str1.4
                0x0000000008003690       0x49 Output/Vehicle Debug/Obj/Serial.o
                                         0x63 (size before relaxing)
 *fill*         0x00000000080036d9        0x3 
 .rodata        0x00000000080036dc       0x5f Output/Vehicle Debug/Obj/Timer.o
 *fill*         0x000000000800373b        0x1 
 .rodata        0x000000000800373c       0x5b Output/Vehicle Debug/Obj/i2c.o
 *fill*         0x0000000008003797        0x1 
 .rodata        0x0000000008003798       0x2b Output/Vehicle Debug/Obj/LCD.o
 *fill*         0x00000000080037c3        0x1 
 .rodata.libc.__float64_nan
                0x00000000080037c4        0x8 D:/Program Files/SEGGER/SEGGER Embedded Studio for ARM 3.34/lib/libm_v7m_t_le_eabi.a(libm_asm.o)
                0x00000000080037c4                __float64_nan
 .rodata.libc.__RAL_hex_lc
                0x00000000080037cc       0x10 D:/Program Files/SEGGER/SEGGER Embedded Studio for ARM 3.34/lib/libc_v7m_t_le_eabi.a(libc2.o)
                0x00000000080037cc                __RAL_hex_lc
 .rodata.libc.__RAL_hex_uc
                0x00000000080037dc       0x10 D:/Program Files/SEGGER/SEGGER Embedded Studio for ARM 3.34/lib/libc_v7m_t_le_eabi.a(libc2.o)
                0x00000000080037dc                __RAL_hex_uc
 .rodata.libc.__aeabi_EDOM
                0x00000000080037ec        0x4 D:/Program Files/SEGGER/SEGGER Embedded Studio for ARM 3.34/lib/libc_v7m_t_le_eabi.a(libc2.o)
                0x00000000080037ec                __aeabi_EDOM
 .rodata.libc.__aeabi_ERANGE
                0x00000000080037f0        0x4 D:/Program Files/SEGGER/SEGGER Embedded Studio for ARM 3.34/lib/libc_v7m_t_le_eabi.a(libc2.o)
                0x00000000080037f0                __aeabi_ERANGE
 *fill*         0x00000000080037f4        0x4 
 .rodata.libc.power
                0x00000000080037f8       0x48 D:/Program Files/SEGGER/SEGGER Embedded Studio for ARM 3.34/lib/libc_v7m_t_le_eabi.a(libc2.o)
 .rodata.libc.__vfprintf_float_long.str1.4
                0x0000000008003840       0x28 D:/Program Files/SEGGER/SEGGER Embedded Studio for ARM 3.34/lib/libvfprintf_v7m_t_le_eabi.o
 .rodata.libc.__vfprintf_int.str1.4
                0x0000000008003868        0x8 D:/Program Files/SEGGER/SEGGER Embedded Studio for ARM 3.34/lib/libvfprintf_v7m_t_le_eabi.o
                                          0x7 (size before relaxing)
 .rodata.libc.ipow10
                0x0000000008003870       0xa0 D:/Program Files/SEGGER/SEGGER Embedded Studio for ARM 3.34/lib/libvfprintf_v7m_t_le_eabi.o
                0x0000000008003910                __rodata_end__ = (__rodata_start__ + SIZEOF (.rodata))
                0x00000000000003a0                __rodata_size__ = SIZEOF (.rodata)
                0x0000000008003910                __rodata_load_end__ = __rodata_end__

.rel.dyn        0x0000000008000000        0x0
 .rel.iplt      0x0000000008000000        0x0 Output/Vehicle Debug/Obj/system_stm32f10x.o
                0x0000000000000001                . = ASSERT (((__rodata_start__ == __rodata_end__) || ((__rodata_end__ >= __FLASH_segment_start__) && (__rodata_end__ <= __FLASH_segment_end__))), error: .rodata is too large to fit in FLASH memory segment)
                0x0000000008003910                __ARM.exidx_load_start__ = ALIGN (__rodata_end__, 0x4)

.ARM.exidx      0x0000000008003910        0x0
                0x0000000008003910                __ARM.exidx_start__ = .
                0x0000000008003910                __exidx_start = __ARM.exidx_start__
 *(.ARM.exidx .ARM.exidx.*)
                0x0000000008003910                __ARM.exidx_end__ = (__ARM.exidx_start__ + SIZEOF (.ARM.exidx))
                0x0000000000000000                __ARM.exidx_size__ = SIZEOF (.ARM.exidx)
                0x0000000008003910                __exidx_end = __ARM.exidx_end__
                0x0000000008003910                __ARM.exidx_load_end__ = __ARM.exidx_end__
                0x0000000000000001                . = ASSERT (((__ARM.exidx_start__ == __ARM.exidx_end__) || ((__ARM.exidx_end__ >= __FLASH_segment_start__) && (__ARM.exidx_end__ <= __FLASH_segment_end__))), error: .ARM.exidx is too large to fit in FLASH memory segment)
                0x0000000008003910                __fast_load_start__ = ALIGN (__ARM.exidx_end__, 0x4)

.fast           0x0000000020000000        0x0 load address 0x0000000008003910
                0x0000000020000000                __fast_start__ = .
 *(.fast .fast.*)
                0x0000000020000000                __fast_end__ = (__fast_start__ + SIZEOF (.fast))
                0x0000000000000000                __fast_size__ = SIZEOF (.fast)
                0x0000000008003910                __fast_load_end__ = (__fast_load_start__ + SIZEOF (.fast))
                0x0000000000000001                . = ASSERT (((__fast_load_start__ == __fast_load_end__) || ((__fast_load_end__ >= __FLASH_segment_start__) && (__fast_load_end__ <= __FLASH_segment_end__))), error: .fast is too large to fit in FLASH memory segment)

.fast_run       0x0000000020000000        0x0
                0x0000000020000000                __fast_run_start__ = .
                0x0000000020000000                . = MAX ((__fast_run_start__ + SIZEOF (.fast)), .)
                0x0000000020000000                __fast_run_end__ = (__fast_run_start__ + SIZEOF (.fast_run))
                0x0000000000000000                __fast_run_size__ = SIZEOF (.fast_run)
                0x0000000020000000                __fast_run_load_end__ = __fast_run_end__
                0x0000000000000001                . = ASSERT (((__fast_run_start__ == __fast_run_end__) || ((__fast_run_end__ >= __RAM_segment_start__) && (__fast_run_end__ <= __RAM_segment_end__))), error: .fast_run is too large to fit in RAM memory segment)
                0x0000000008003910                __data_load_start__ = ALIGN ((__fast_load_start__ + SIZEOF (.fast)), 0x4)

.data           0x0000000020000000       0x38 load address 0x0000000008003910
                0x0000000020000000                __data_start__ = .
 *(.data .data.* .gnu.linkonce.d.*)
 .data.SystemCoreClock
                0x0000000020000000        0x4 Output/Vehicle Debug/Obj/system_stm32f10x.o
                0x0000000020000000                SystemCoreClock
 .data.AHBPrescTable
                0x0000000020000004       0x10 Output/Vehicle Debug/Obj/system_stm32f10x.o
                0x0000000020000004                AHBPrescTable
 .data.g_nSystemTick
                0x0000000020000014        0x4 Output/Vehicle Debug/Obj/main.o
 .data.LCD_ROW1
                0x0000000020000018       0x10 Output/Vehicle Debug/Obj/main.o
 .data.LCD_ROW2
                0x0000000020000028       0x10 Output/Vehicle Debug/Obj/main.o
                0x0000000020000038                __data_end__ = (__data_start__ + SIZEOF (.data))
                0x0000000000000038                __data_size__ = SIZEOF (.data)
                0x0000000008003948                __data_load_end__ = (__data_load_start__ + SIZEOF (.data))

.igot.plt       0x0000000100000000        0x0
 .igot.plt      0x0000000100000000        0x0 Output/Vehicle Debug/Obj/system_stm32f10x.o
                0x0000000000000001                . = ASSERT (((__data_load_start__ == __data_load_end__) || ((__data_load_end__ >= __FLASH_segment_start__) && (__data_load_end__ <= __FLASH_segment_end__))), error: .data is too large to fit in FLASH memory segment)

.data_run       0x0000000020000000       0x38 load address 0x0000000008003910
                0x0000000020000000                __data_run_start__ = .
                0x0000000020000038                . = MAX ((__data_run_start__ + SIZEOF (.data)), .)
 *fill*         0x0000000020000000       0x38 
                0x0000000020000038                __data_run_end__ = (__data_run_start__ + SIZEOF (.data_run))
                0x0000000000000038                __data_run_size__ = SIZEOF (.data_run)
                0x0000000020000038                __data_run_load_end__ = __data_run_end__
                0x0000000000000001                . = ASSERT (((__data_run_start__ == __data_run_end__) || ((__data_run_end__ >= __RAM_segment_start__) && (__data_run_end__ <= __RAM_segment_end__))), error: .data_run is too large to fit in RAM memory segment)
                0x0000000008003948                __tdata_load_start__ = ALIGN ((__data_load_start__ + SIZEOF (.data)), 0x4)

.tdata          0x0000000020000038        0x0 load address 0x0000000008003948
                0x0000000020000038                __tdata_start__ = .
 *(.tdata .tdata.*)
                0x0000000020000038                __tdata_end__ = (__tdata_start__ + SIZEOF (.tdata))
                0x0000000000000000                __tdata_size__ = SIZEOF (.tdata)
                0x0000000008003948                __tdata_load_end__ = (__tdata_load_start__ + SIZEOF (.tdata))
                0x0000000008003948                __FLASH_segment_used_end__ = (ALIGN ((__data_load_start__ + SIZEOF (.data)), 0x4) + SIZEOF (.tdata))
                0x0000000000003948                __FLASH_segment_used_size__ = (__FLASH_segment_used_end__ - __FLASH_segment_start__)
                0x0000000000000001                . = ASSERT (((__tdata_load_start__ == __tdata_load_end__) || ((__tdata_load_end__ >= __FLASH_segment_start__) && (__tdata_load_end__ <= __FLASH_segment_end__))), error: .tdata is too large to fit in FLASH memory segment)

.tdata_run      0x0000000020000038        0x0
                0x0000000020000038                __tdata_run_start__ = .
                0x0000000020000038                . = MAX ((__tdata_run_start__ + SIZEOF (.tdata)), .)
                0x0000000020000038                __tdata_run_end__ = (__tdata_run_start__ + SIZEOF (.tdata_run))
                0x0000000000000000                __tdata_run_size__ = SIZEOF (.tdata_run)
                0x0000000020000038                __tdata_run_load_end__ = __tdata_run_end__
                0x0000000000000001                . = ASSERT (((__tdata_run_start__ == __tdata_run_end__) || ((__tdata_run_end__ >= __RAM_segment_start__) && (__tdata_run_end__ <= __RAM_segment_end__))), error: .tdata_run is too large to fit in RAM memory segment)
                0x0000000020000038                __bss_load_start__ = ALIGN (__tdata_run_end__, 0x4)

.bss            0x0000000020000038       0x7c
                0x0000000020000038                __bss_start__ = .
 *(.bss .bss.* .gnu.linkonce.b.*)
 .bss.g_Timer1Handle
                0x0000000020000038        0xc Output/Vehicle Debug/Obj/main.o
 .bss.g_bSystemTick
                0x0000000020000044        0x4 Output/Vehicle Debug/Obj/main.o
 .bss.toggle    0x0000000020000048        0x4 Output/Vehicle Debug/Obj/main.o
 .bss.g_I2cHandle
                0x000000002000004c       0x20 Output/Vehicle Debug/Obj/main.o
 .bss.g_UartIrqHandles
                0x000000002000006c        0xc Output/Vehicle Debug/Obj/Uart.o
 .bss.g_aTimerIrqHandle
                0x0000000020000078       0x10 Output/Vehicle Debug/Obj/Timer.o
 .bss.g_pI2cIrqHandles
                0x0000000020000088        0x8 Output/Vehicle Debug/Obj/i2c.o
 .bss.g_pI2cHandle
                0x0000000020000090        0x4 Output/Vehicle Debug/Obj/LCD.o
 .bss.g_I2cHook
                0x0000000020000094        0x8 Output/Vehicle Debug/Obj/LCD.o
 .bss.g_bI2cDone
                0x000000002000009c        0x4 Output/Vehicle Debug/Obj/LCD.o
 .bss.w_data    0x00000000200000a0        0x7 Output/Vehicle Debug/Obj/LCD.o
 *fill*         0x00000000200000a7        0x1 
 .bss.libc.__user_format_extender
                0x00000000200000a8        0x4 D:/Program Files/SEGGER/SEGGER Embedded Studio for ARM 3.34/lib/libc_v7m_t_le_eabi.a(libc2.o)
                0x00000000200000a8                __user_format_extender
 .bss.libdebugio.dbgCntrlWord_mempoll
                0x00000000200000ac        0x4 D:/Program Files/SEGGER/SEGGER Embedded Studio for ARM 3.34/lib/libdebugio_mempoll_v7m_t_le_eabi.a(mempoll_debug_operations.o)
                0x00000000200000ac                dbgCntrlWord_mempoll
 .bss.libdebugio.dbgCommWord
                0x00000000200000b0        0x4 D:/Program Files/SEGGER/SEGGER Embedded Studio for ARM 3.34/lib/libdebugio_mempoll_v7m_t_le_eabi.a(mempoll_debug_operations.o)
                0x00000000200000b0                dbgCommWord
 *(COMMON)
                0x00000000200000b4                __bss_end__ = (__bss_start__ + SIZEOF (.bss))
                0x000000000000007c                __bss_size__ = SIZEOF (.bss)
                0x00000000200000b4                __bss_load_end__ = __bss_end__
                0x0000000000000001                . = ASSERT (((__bss_start__ == __bss_end__) || ((__bss_end__ >= __RAM_segment_start__) && (__bss_end__ <= __RAM_segment_end__))), error: .bss is too large to fit in RAM memory segment)
                0x00000000200000b4                __tbss_load_start__ = ALIGN (__bss_end__, 0x4)

.tbss           0x00000000200000b4        0x4
                0x00000000200000b4                __tbss_start__ = .
 *(.tbss .tbss.*)
 .tbss.errno_val
                0x00000000200000b4        0x4 D:/Program Files/SEGGER/SEGGER Embedded Studio for ARM 3.34/lib/libc_v7m_t_le_eabi.a(libc2.o)
                0x00000000200000b8                __tbss_end__ = (__tbss_start__ + SIZEOF (.tbss))
                0x0000000000000004                __tbss_size__ = SIZEOF (.tbss)
                0x00000000200000b8                __tbss_load_end__ = __tbss_end__
                0x0000000000000001                . = ASSERT (((__tbss_start__ == __tbss_end__) || ((__tbss_end__ >= __RAM_segment_start__) && (__tbss_end__ <= __RAM_segment_end__))), error: .tbss is too large to fit in RAM memory segment)
                0x00000000200000b8                __non_init_load_start__ = ALIGN (__tbss_end__, 0x4)

.non_init       0x00000000200000b8        0x0
                0x00000000200000b8                __non_init_start__ = .
 *(.non_init .non_init.*)
                0x00000000200000b8                __non_init_end__ = (__non_init_start__ + SIZEOF (.non_init))
                0x0000000000000000                __non_init_size__ = SIZEOF (.non_init)
                0x00000000200000b8                __non_init_load_end__ = __non_init_end__
                0x0000000000000001                . = ASSERT (((__non_init_start__ == __non_init_end__) || ((__non_init_end__ >= __RAM_segment_start__) && (__non_init_end__ <= __RAM_segment_end__))), error: .non_init is too large to fit in RAM memory segment)
                0x00000000200000b8                __heap_load_start__ = ALIGN (__non_init_end__, 0x4)

.heap           0x00000000200000b8      0x100
                0x00000000200000b8                __heap_start__ = .
 *(.heap .heap.*)
                0x00000000200001b8                . = ALIGN (MAX ((__heap_start__ + __HEAPSIZE__), .), 0x4)
 *fill*         0x00000000200000b8      0x100 
                0x00000000200001b8                __heap_end__ = (__heap_start__ + SIZEOF (.heap))
                0x0000000000000100                __heap_size__ = SIZEOF (.heap)
                0x00000000200001b8                __heap_load_end__ = __heap_end__
                0x0000000000000001                . = ASSERT (((__heap_start__ == __heap_end__) || ((__heap_end__ >= __RAM_segment_start__) && (__heap_end__ <= __RAM_segment_end__))), error: .heap is too large to fit in RAM memory segment)
                0x0000000020004800                __stack_load_start__ = (__RAM_segment_end__ - 0x800)

.stack          0x0000000020004800      0x400
                0x0000000020004800                __stack_start__ = .
 *(.stack .stack.*)
                0x0000000020004c00                . = ALIGN (MAX ((__stack_start__ + __STACKSIZE__), .), 0x8)
 *fill*         0x0000000020004800      0x400 
                0x0000000020004c00                __stack_end__ = (__stack_start__ + SIZEOF (.stack))
                0x0000000000000400                __stack_size__ = SIZEOF (.stack)
                0x0000000020004c00                __stack_load_end__ = __stack_end__
                0x0000000000000001                . = ASSERT (((__stack_start__ == __stack_end__) || ((__stack_end__ >= __RAM_segment_start__) && (__stack_end__ <= __RAM_segment_end__))), error: .stack is too large to fit in RAM memory segment)
                0x0000000000000001                . = ASSERT ((__heap_end__ <= __stack_start__), error: section .heap overlaps absolute placed section .stack)
                0x0000000020004c00                __stack_process_load_start__ = ALIGN (__stack_end__, 0x8)

.stack_process  0x0000000020004c00      0x400
                0x0000000020004c00                __stack_process_start__ = .
 *(.stack_process .stack_process.*)
                0x0000000020005000                . = ALIGN (MAX ((__stack_process_start__ + __STACKSIZE_PROCESS__), .), 0x8)
 *fill*         0x0000000020004c00      0x400 
                0x0000000020005000                __stack_process_end__ = (__stack_process_start__ + SIZEOF (.stack_process))
                0x0000000000000400                __stack_process_size__ = SIZEOF (.stack_process)
                0x0000000020005000                __stack_process_load_end__ = __stack_process_end__
                0x0000000020005000                __RAM_segment_used_end__ = (ALIGN (__stack_end__, 0x8) + SIZEOF (.stack_process))
                0x0000000000005000                __RAM_segment_used_size__ = (__RAM_segment_used_end__ - __RAM_segment_start__)
                0x0000000000000001                . = ASSERT (((__stack_process_start__ == __stack_process_end__) || ((__stack_process_end__ >= __RAM_segment_start__) && (__stack_process_end__ <= __RAM_segment_end__))), error: .stack_process is too large to fit in RAM memory segment)
START GROUP
LOAD Output/Vehicle Debug/Obj/system_stm32f10x.o
LOAD Output/Vehicle Debug/Obj/Retarget.o
LOAD Output/Vehicle Debug/Obj/Hal.o
LOAD Output/Vehicle Debug/Obj/BSP.o
LOAD Output/Vehicle Debug/Obj/IRQ.o
LOAD Output/Vehicle Debug/Obj/main.o
LOAD Output/Vehicle Debug/Obj/Uart.o
LOAD Output/Vehicle Debug/Obj/Serial.o
LOAD Output/Vehicle Debug/Obj/pwm.o
LOAD Output/Vehicle Debug/Obj/Timer.o
LOAD Output/Vehicle Debug/Obj/crc16.o
LOAD Output/Vehicle Debug/Obj/i2c.o
LOAD Output/Vehicle Debug/Obj/LCD.o
LOAD Output/Vehicle Debug/Obj/STM32F1xx_Startup.o
LOAD Output/Vehicle Debug/Obj/STM32F103xx_Vectors.o
LOAD Output/Vehicle Debug/Obj/thumb_crt0.o
LOAD D:/Program Files/SEGGER/SEGGER Embedded Studio for ARM 3.34/lib/libdebugio_mempoll_v7m_t_le_eabi.a
LOAD D:/Program Files/SEGGER/SEGGER Embedded Studio for ARM 3.34/lib/libm_v7m_t_le_eabi.a
LOAD D:/Program Files/SEGGER/SEGGER Embedded Studio for ARM 3.34/lib/libc_v7m_t_le_eabi.a
LOAD D:/Program Files/SEGGER/SEGGER Embedded Studio for ARM 3.34/lib/libcpp_v7m_t_le_eabi.a
LOAD D:/Program Files/SEGGER/SEGGER Embedded Studio for ARM 3.34/lib/libdebugio_v7m_t_le_eabi.a
LOAD D:/Program Files/SEGGER/SEGGER Embedded Studio for ARM 3.34/lib/libvfprintf_v7m_t_le_eabi.o
LOAD D:/Program Files/SEGGER/SEGGER Embedded Studio for ARM 3.34/lib/libvfscanf_v7m_t_le_eabi.o
END GROUP
OUTPUT(Output/Debug/Exe/Vehicle.elf elf32-littlearm)

.debug_frame    0x0000000000000000      0xaec
 .debug_frame   0x0000000000000000       0x88 Output/Vehicle Debug/Obj/system_stm32f10x.o
 .debug_frame   0x0000000000000088       0x80 Output/Vehicle Debug/Obj/Retarget.o
 .debug_frame   0x0000000000000108       0x30 Output/Vehicle Debug/Obj/Hal.o
 .debug_frame   0x0000000000000138       0x48 Output/Vehicle Debug/Obj/BSP.o
 .debug_frame   0x0000000000000180      0x13c Output/Vehicle Debug/Obj/IRQ.o
 .debug_frame   0x00000000000002bc       0xd0 Output/Vehicle Debug/Obj/main.o
 .debug_frame   0x000000000000038c      0x210 Output/Vehicle Debug/Obj/Uart.o
 .debug_frame   0x000000000000059c      0x248 Output/Vehicle Debug/Obj/Serial.o
 .debug_frame   0x00000000000007e4      0x118 Output/Vehicle Debug/Obj/Timer.o
 .debug_frame   0x00000000000008fc      0x130 Output/Vehicle Debug/Obj/i2c.o
 .debug_frame   0x0000000000000a2c       0xc0 Output/Vehicle Debug/Obj/LCD.o

.debug_info     0x0000000000000000     0x882a
 .debug_info    0x0000000000000000      0x471 Output/Vehicle Debug/Obj/system_stm32f10x.o
 .debug_info    0x0000000000000471      0xa1a Output/Vehicle Debug/Obj/Retarget.o
 .debug_info    0x0000000000000e8b      0x712 Output/Vehicle Debug/Obj/Hal.o
 .debug_info    0x000000000000159d      0x9de Output/Vehicle Debug/Obj/BSP.o
 .debug_info    0x0000000000001f7b      0x9fe Output/Vehicle Debug/Obj/IRQ.o
 .debug_info    0x0000000000002979      0xde7 Output/Vehicle Debug/Obj/main.o
 .debug_info    0x0000000000003760     0x18bb Output/Vehicle Debug/Obj/Uart.o
 .debug_info    0x000000000000501b     0x133d Output/Vehicle Debug/Obj/Serial.o
 .debug_info    0x0000000000006358      0xd6b Output/Vehicle Debug/Obj/Timer.o
 .debug_info    0x00000000000070c3      0xd6e Output/Vehicle Debug/Obj/i2c.o
 .debug_info    0x0000000000007e31      0x7f2 Output/Vehicle Debug/Obj/LCD.o
 .debug_info    0x0000000000008623       0xb0 Output/Vehicle Debug/Obj/STM32F1xx_Startup.o
 .debug_info    0x00000000000086d3       0xb2 Output/Vehicle Debug/Obj/STM32F103xx_Vectors.o
 .debug_info    0x0000000000008785       0xa5 Output/Vehicle Debug/Obj/thumb_crt0.o

.debug_abbrev   0x0000000000000000     0x1765
 .debug_abbrev  0x0000000000000000      0x174 Output/Vehicle Debug/Obj/system_stm32f10x.o
 .debug_abbrev  0x0000000000000174      0x1ad Output/Vehicle Debug/Obj/Retarget.o
 .debug_abbrev  0x0000000000000321      0x141 Output/Vehicle Debug/Obj/Hal.o
 .debug_abbrev  0x0000000000000462      0x16c Output/Vehicle Debug/Obj/BSP.o
 .debug_abbrev  0x00000000000005ce      0x1f1 Output/Vehicle Debug/Obj/IRQ.o
 .debug_abbrev  0x00000000000007bf      0x2a9 Output/Vehicle Debug/Obj/main.o
 .debug_abbrev  0x0000000000000a68      0x3a6 Output/Vehicle Debug/Obj/Uart.o
 .debug_abbrev  0x0000000000000e0e      0x2ff Output/Vehicle Debug/Obj/Serial.o
 .debug_abbrev  0x000000000000110d      0x246 Output/Vehicle Debug/Obj/Timer.o
 .debug_abbrev  0x0000000000001353      0x251 Output/Vehicle Debug/Obj/i2c.o
 .debug_abbrev  0x00000000000015a4      0x187 Output/Vehicle Debug/Obj/LCD.o
 .debug_abbrev  0x000000000000172b       0x14 Output/Vehicle Debug/Obj/STM32F1xx_Startup.o
 .debug_abbrev  0x000000000000173f       0x14 Output/Vehicle Debug/Obj/STM32F103xx_Vectors.o
 .debug_abbrev  0x0000000000001753       0x12 Output/Vehicle Debug/Obj/thumb_crt0.o

.debug_pubnames
                0x0000000000000000     0x1b49
 .debug_pubnames
                0x0000000000000000       0x97 Output/Vehicle Debug/Obj/system_stm32f10x.o
 .debug_pubnames
                0x0000000000000097       0x6a Output/Vehicle Debug/Obj/Retarget.o
 .debug_pubnames
                0x0000000000000101       0x1f Output/Vehicle Debug/Obj/Hal.o
 .debug_pubnames
                0x0000000000000120       0x64 Output/Vehicle Debug/Obj/BSP.o
 .debug_pubnames
                0x0000000000000184      0x45b Output/Vehicle Debug/Obj/IRQ.o
 .debug_pubnames
                0x00000000000005df      0x4b6 Output/Vehicle Debug/Obj/main.o
 .debug_pubnames
                0x0000000000000a95      0x62c Output/Vehicle Debug/Obj/Uart.o
 .debug_pubnames
                0x00000000000010c1      0x122 Output/Vehicle Debug/Obj/Serial.o
 .debug_pubnames
                0x00000000000011e3      0x459 Output/Vehicle Debug/Obj/Timer.o
 .debug_pubnames
                0x000000000000163c      0x452 Output/Vehicle Debug/Obj/i2c.o
 .debug_pubnames
                0x0000000000001a8e       0xbb Output/Vehicle Debug/Obj/LCD.o

.debug_pubtypes
                0x0000000000000000     0x1b50
 .debug_pubtypes
                0x0000000000000000      0x10d Output/Vehicle Debug/Obj/system_stm32f10x.o
 .debug_pubtypes
                0x000000000000010d      0x32c Output/Vehicle Debug/Obj/Retarget.o
 .debug_pubtypes
                0x0000000000000439      0x1bb Output/Vehicle Debug/Obj/Hal.o
 .debug_pubtypes
                0x00000000000005f4      0x32c Output/Vehicle Debug/Obj/BSP.o
 .debug_pubtypes
                0x0000000000000920      0x1dc Output/Vehicle Debug/Obj/IRQ.o
 .debug_pubtypes
                0x0000000000000afc      0x2b1 Output/Vehicle Debug/Obj/main.o
 .debug_pubtypes
                0x0000000000000dad      0x3a9 Output/Vehicle Debug/Obj/Uart.o
 .debug_pubtypes
                0x0000000000001156      0x355 Output/Vehicle Debug/Obj/Serial.o
 .debug_pubtypes
                0x00000000000014ab      0x256 Output/Vehicle Debug/Obj/Timer.o
 .debug_pubtypes
                0x0000000000001701      0x24a Output/Vehicle Debug/Obj/i2c.o
 .debug_pubtypes
                0x000000000000194b      0x205 Output/Vehicle Debug/Obj/LCD.o

.debug_aranges  0x0000000000000000      0x490
 .debug_aranges
                0x0000000000000000       0x38 Output/Vehicle Debug/Obj/system_stm32f10x.o
 .debug_aranges
                0x0000000000000038       0x38 Output/Vehicle Debug/Obj/Retarget.o
 .debug_aranges
                0x0000000000000070       0x20 Output/Vehicle Debug/Obj/Hal.o
 .debug_aranges
                0x0000000000000090       0x28 Output/Vehicle Debug/Obj/BSP.o
 .debug_aranges
                0x00000000000000b8       0x60 Output/Vehicle Debug/Obj/IRQ.o
 .debug_aranges
                0x0000000000000118       0x48 Output/Vehicle Debug/Obj/main.o
 .debug_aranges
                0x0000000000000160       0x98 Output/Vehicle Debug/Obj/Uart.o
 .debug_aranges
                0x00000000000001f8       0x88 Output/Vehicle Debug/Obj/Serial.o
 .debug_aranges
                0x0000000000000280       0x58 Output/Vehicle Debug/Obj/Timer.o
 .debug_aranges
                0x00000000000002d8       0x58 Output/Vehicle Debug/Obj/i2c.o
 .debug_aranges
                0x0000000000000330       0x40 Output/Vehicle Debug/Obj/LCD.o
 .debug_aranges
                0x0000000000000370       0x20 Output/Vehicle Debug/Obj/STM32F1xx_Startup.o
 .debug_aranges
                0x0000000000000390       0x20 Output/Vehicle Debug/Obj/STM32F103xx_Vectors.o
 .debug_aranges
                0x00000000000003b0       0xe0 Output/Vehicle Debug/Obj/thumb_crt0.o

.debug_ranges   0x0000000000000000      0x458
 .debug_ranges  0x0000000000000000       0x28 Output/Vehicle Debug/Obj/system_stm32f10x.o
 .debug_ranges  0x0000000000000028       0x28 Output/Vehicle Debug/Obj/Retarget.o
 .debug_ranges  0x0000000000000050       0x10 Output/Vehicle Debug/Obj/Hal.o
 .debug_ranges  0x0000000000000060       0x18 Output/Vehicle Debug/Obj/BSP.o
 .debug_ranges  0x0000000000000078       0x50 Output/Vehicle Debug/Obj/IRQ.o
 .debug_ranges  0x00000000000000c8       0x38 Output/Vehicle Debug/Obj/main.o
 .debug_ranges  0x0000000000000100       0xf8 Output/Vehicle Debug/Obj/Uart.o
 .debug_ranges  0x00000000000001f8       0xc8 Output/Vehicle Debug/Obj/Serial.o
 .debug_ranges  0x00000000000002c0       0x48 Output/Vehicle Debug/Obj/Timer.o
 .debug_ranges  0x0000000000000308       0x48 Output/Vehicle Debug/Obj/i2c.o
 .debug_ranges  0x0000000000000350       0x30 Output/Vehicle Debug/Obj/LCD.o
 .debug_ranges  0x0000000000000380       0xd8 Output/Vehicle Debug/Obj/thumb_crt0.o

.debug_macro    0x0000000000000000     0xab61
 .debug_macro   0x0000000000000000       0x74 Output/Vehicle Debug/Obj/system_stm32f10x.o
 .debug_macro   0x0000000000000074      0x8da Output/Vehicle Debug/Obj/system_stm32f10x.o
 .debug_macro   0x000000000000094e       0x56 Output/Vehicle Debug/Obj/system_stm32f10x.o
 .debug_macro   0x00000000000009a4      0x189 Output/Vehicle Debug/Obj/system_stm32f10x.o
 .debug_macro   0x0000000000000b2d       0x34 Output/Vehicle Debug/Obj/system_stm32f10x.o
 .debug_macro   0x0000000000000b61       0x34 Output/Vehicle Debug/Obj/system_stm32f10x.o
 .debug_macro   0x0000000000000b95      0xb8e Output/Vehicle Debug/Obj/system_stm32f10x.o
 .debug_macro   0x0000000000001723     0x7def Output/Vehicle Debug/Obj/system_stm32f10x.o
 .debug_macro   0x0000000000009512       0xc8 Output/Vehicle Debug/Obj/Retarget.o
 .debug_macro   0x00000000000095da       0x89 Output/Vehicle Debug/Obj/Retarget.o
 .debug_macro   0x0000000000009663       0x71 Output/Vehicle Debug/Obj/Retarget.o
 .debug_macro   0x00000000000096d4       0x28 Output/Vehicle Debug/Obj/Retarget.o
 .debug_macro   0x00000000000096fc       0x22 Output/Vehicle Debug/Obj/Retarget.o
 .debug_macro   0x000000000000971e       0x3a Output/Vehicle Debug/Obj/Retarget.o
 .debug_macro   0x0000000000009758       0x46 Output/Vehicle Debug/Obj/Retarget.o
 .debug_macro   0x000000000000979e       0x34 Output/Vehicle Debug/Obj/Retarget.o
 .debug_macro   0x00000000000097d2       0x40 Output/Vehicle Debug/Obj/Retarget.o
 .debug_macro   0x0000000000009812       0xb9 Output/Vehicle Debug/Obj/Hal.o
 .debug_macro   0x00000000000098cb      0x26d Output/Vehicle Debug/Obj/Hal.o
 .debug_macro   0x0000000000009b38       0xc0 Output/Vehicle Debug/Obj/BSP.o
 .debug_macro   0x0000000000009bf8       0xb8 Output/Vehicle Debug/Obj/IRQ.o
 .debug_macro   0x0000000000009cb0       0xe9 Output/Vehicle Debug/Obj/main.o
 .debug_macro   0x0000000000009d99       0x16 Output/Vehicle Debug/Obj/main.o
 .debug_macro   0x0000000000009daf       0x16 Output/Vehicle Debug/Obj/main.o
 .debug_macro   0x0000000000009dc5       0xbc Output/Vehicle Debug/Obj/Uart.o
 .debug_macro   0x0000000000009e81      0x8da Output/Vehicle Debug/Obj/Uart.o
 .debug_macro   0x000000000000a75b       0xad Output/Vehicle Debug/Obj/Serial.o
 .debug_macro   0x000000000000a808       0xcb Output/Vehicle Debug/Obj/Timer.o
 .debug_macro   0x000000000000a8d3       0x2e Output/Vehicle Debug/Obj/Timer.o
 .debug_macro   0x000000000000a901       0xcf Output/Vehicle Debug/Obj/i2c.o
 .debug_macro   0x000000000000a9d0      0x191 Output/Vehicle Debug/Obj/LCD.o

.debug_line     0x0000000000000000     0x24cb
 .debug_line    0x0000000000000000      0x233 Output/Vehicle Debug/Obj/system_stm32f10x.o
 .debug_line    0x0000000000000233      0x23f Output/Vehicle Debug/Obj/Retarget.o
 .debug_line    0x0000000000000472      0x1fd Output/Vehicle Debug/Obj/Hal.o
 .debug_line    0x000000000000066f      0x21e Output/Vehicle Debug/Obj/BSP.o
 .debug_line    0x000000000000088d      0x2a4 Output/Vehicle Debug/Obj/IRQ.o
 .debug_line    0x0000000000000b31      0x31b Output/Vehicle Debug/Obj/main.o
 .debug_line    0x0000000000000e4c      0x482 Output/Vehicle Debug/Obj/Uart.o
 .debug_line    0x00000000000012ce      0x42e Output/Vehicle Debug/Obj/Serial.o
 .debug_line    0x00000000000016fc      0x33b Output/Vehicle Debug/Obj/Timer.o
 .debug_line    0x0000000000001a37      0x3c9 Output/Vehicle Debug/Obj/i2c.o
 .debug_line    0x0000000000001e00      0x2ca Output/Vehicle Debug/Obj/LCD.o
 .debug_line    0x00000000000020ca       0x92 Output/Vehicle Debug/Obj/STM32F1xx_Startup.o
 .debug_line    0x000000000000215c       0xc6 Output/Vehicle Debug/Obj/STM32F103xx_Vectors.o
 .debug_line    0x0000000000002222      0x2a9 Output/Vehicle Debug/Obj/thumb_crt0.o

.debug_str      0x0000000000000000    0x357c2
 .debug_str     0x0000000000000000    0x327f0 Output/Vehicle Debug/Obj/system_stm32f10x.o
                                      0x3286e (size before relaxing)
 .debug_str     0x00000000000327f0      0xdf8 Output/Vehicle Debug/Obj/Retarget.o
                                      0x335cd (size before relaxing)
 .debug_str     0x00000000000335e8      0xffa Output/Vehicle Debug/Obj/Hal.o
                                      0x34143 (size before relaxing)
 .debug_str     0x00000000000345e2       0x7c Output/Vehicle Debug/Obj/BSP.o
                                      0x34498 (size before relaxing)
 .debug_str     0x000000000003465e      0x431 Output/Vehicle Debug/Obj/IRQ.o
                                      0x33561 (size before relaxing)
 .debug_str     0x0000000000034a8f      0x2b1 Output/Vehicle Debug/Obj/main.o
                                      0x3471f (size before relaxing)
 .debug_str     0x0000000000034d40      0x343 Output/Vehicle Debug/Obj/Uart.o
                                      0x34a2a (size before relaxing)
 .debug_str     0x0000000000035083      0x149 Output/Vehicle Debug/Obj/Serial.o
                                      0x33633 (size before relaxing)
 .debug_str     0x00000000000351cc      0x24c Output/Vehicle Debug/Obj/Timer.o
                                      0x34734 (size before relaxing)
 .debug_str     0x0000000000035418       0xe6 Output/Vehicle Debug/Obj/i2c.o
                                      0x34678 (size before relaxing)
 .debug_str     0x00000000000354fe      0x2c4 Output/Vehicle Debug/Obj/LCD.o
                                      0x344c6 (size before relaxing)

.comment        0x0000000000000000       0x4c
 .comment       0x0000000000000000       0x4c Output/Vehicle Debug/Obj/system_stm32f10x.o
                                         0x4d (size before relaxing)
 .comment       0x000000000000004c       0x4d Output/Vehicle Debug/Obj/Retarget.o
 .comment       0x000000000000004c       0x4d Output/Vehicle Debug/Obj/Hal.o
 .comment       0x000000000000004c       0x4d Output/Vehicle Debug/Obj/BSP.o
 .comment       0x000000000000004c       0x4d Output/Vehicle Debug/Obj/IRQ.o
 .comment       0x000000000000004c       0x4d Output/Vehicle Debug/Obj/main.o
 .comment       0x000000000000004c       0x4d Output/Vehicle Debug/Obj/Uart.o
 .comment       0x000000000000004c       0x4d Output/Vehicle Debug/Obj/Serial.o
 .comment       0x000000000000004c       0x4d Output/Vehicle Debug/Obj/Timer.o
 .comment       0x000000000000004c       0x4d Output/Vehicle Debug/Obj/i2c.o
 .comment       0x000000000000004c       0x4d Output/Vehicle Debug/Obj/LCD.o
 .comment       0x000000000000004c       0x4d D:/Program Files/SEGGER/SEGGER Embedded Studio for ARM 3.34/lib/libc_v7m_t_le_eabi.a(libc2.o)
 .comment       0x000000000000004c       0x4d D:/Program Files/SEGGER/SEGGER Embedded Studio for ARM 3.34/lib/libdebugio_v7m_t_le_eabi.a(libdebugio.o)
 .comment       0x000000000000004c       0x4d D:/Program Files/SEGGER/SEGGER Embedded Studio for ARM 3.34/lib/libvfprintf_v7m_t_le_eabi.o
 .comment       0x000000000000004c       0x4d D:/Program Files/SEGGER/SEGGER Embedded Studio for ARM 3.34/lib/libdebugio_mempoll_v7m_t_le_eabi.a(mempoll_debug_operations.o)
 .comment       0x000000000000004c       0x4d D:/Program Files/SEGGER/SEGGER Embedded Studio for ARM 3.34/lib/libm_v7m_t_le_eabi.a(libm2.o)

.ARM.attributes
                0x0000000000000000       0x31
 .ARM.attributes
                0x0000000000000000       0x33 Output/Vehicle Debug/Obj/system_stm32f10x.o
 .ARM.attributes
                0x0000000000000033       0x33 Output/Vehicle Debug/Obj/Retarget.o
 .ARM.attributes
                0x0000000000000066       0x33 Output/Vehicle Debug/Obj/Hal.o
 .ARM.attributes
                0x0000000000000099       0x33 Output/Vehicle Debug/Obj/BSP.o
 .ARM.attributes
                0x00000000000000cc       0x33 Output/Vehicle Debug/Obj/IRQ.o
 .ARM.attributes
                0x00000000000000ff       0x33 Output/Vehicle Debug/Obj/main.o
 .ARM.attributes
                0x0000000000000132       0x33 Output/Vehicle Debug/Obj/Uart.o
 .ARM.attributes
                0x0000000000000165       0x33 Output/Vehicle Debug/Obj/Serial.o
 .ARM.attributes
                0x0000000000000198       0x33 Output/Vehicle Debug/Obj/Timer.o
 .ARM.attributes
                0x00000000000001cb       0x33 Output/Vehicle Debug/Obj/i2c.o
 .ARM.attributes
                0x00000000000001fe       0x33 Output/Vehicle Debug/Obj/LCD.o
 .ARM.attributes
                0x0000000000000231       0x21 Output/Vehicle Debug/Obj/STM32F1xx_Startup.o
 .ARM.attributes
                0x0000000000000252       0x21 Output/Vehicle Debug/Obj/STM32F103xx_Vectors.o
 .ARM.attributes
                0x0000000000000273       0x21 Output/Vehicle Debug/Obj/thumb_crt0.o
 .ARM.attributes
                0x0000000000000294       0x1b D:/Program Files/SEGGER/SEGGER Embedded Studio for ARM 3.34/lib/libm_v7m_t_le_eabi.a(libm_asm.o)
 .ARM.attributes
                0x00000000000002af       0x2d D:/Program Files/SEGGER/SEGGER Embedded Studio for ARM 3.34/lib/libc_v7m_t_le_eabi.a(libc2.o)
 .ARM.attributes
                0x00000000000002dc       0x1b D:/Program Files/SEGGER/SEGGER Embedded Studio for ARM 3.34/lib/libc_v7m_t_le_eabi.a(libc2_asm.o)
 .ARM.attributes
                0x00000000000002f7       0x1b D:/Program Files/SEGGER/SEGGER Embedded Studio for ARM 3.34/lib/libc_v7m_t_le_eabi.a(libc_asm.o)
 .ARM.attributes
                0x0000000000000312       0x2d D:/Program Files/SEGGER/SEGGER Embedded Studio for ARM 3.34/lib/libdebugio_v7m_t_le_eabi.a(libdebugio.o)
 .ARM.attributes
                0x000000000000033f       0x2d D:/Program Files/SEGGER/SEGGER Embedded Studio for ARM 3.34/lib/libvfprintf_v7m_t_le_eabi.o
 .ARM.attributes
                0x000000000000036c       0x2d D:/Program Files/SEGGER/SEGGER Embedded Studio for ARM 3.34/lib/libdebugio_mempoll_v7m_t_le_eabi.a(mempoll_debug_operations.o)
 .ARM.attributes
                0x0000000000000399       0x2d D:/Program Files/SEGGER/SEGGER Embedded Studio for ARM 3.34/lib/libm_v7m_t_le_eabi.a(libm2.o)
 .ARM.attributes
                0x00000000000003c6       0x1b D:/Program Files/SEGGER/SEGGER Embedded Studio for ARM 3.34/lib/libm_v7m_t_le_eabi.a(libm2_asm.o)

.debug_loc      0x0000000000000000     0x14bb
 .debug_loc     0x0000000000000000      0x9f1 Output/Vehicle Debug/Obj/Uart.o
 .debug_loc     0x00000000000009f1      0xaca Output/Vehicle Debug/Obj/Serial.o
