Archive member included to satisfy reference by file (symbol)

C:/Program Files/SEGGER/SEGGER Embedded Studio 3.30/lib/libm_v7m_t_le_eabi.a(libm_asm.o)
                              Output/Vehicle Release/Obj/main.o (__aeabi_i2f)
C:/Program Files/SEGGER/SEGGER Embedded Studio 3.30/lib/libm_v7m_t_le_eabi.a(libm2.o)
                              Output/Vehicle Release/Obj/imu.o (atan2f)
C:/Program Files/SEGGER/SEGGER Embedded Studio 3.30/lib/libm_v7m_t_le_eabi.a(libm2_asm.o)
                              C:/Program Files/SEGGER/SEGGER Embedded Studio 3.30/lib/libm_v7m_t_le_eabi.a(libm2.o) (fabs)
C:/Program Files/SEGGER/SEGGER Embedded Studio 3.30/lib/libc_v7m_t_le_eabi.a(libc2.o)
                              C:/Program Files/SEGGER/SEGGER Embedded Studio 3.30/lib/libm_v7m_t_le_eabi.a(libm2.o) (__aeabi_errno_addr)
C:/Program Files/SEGGER/SEGGER Embedded Studio 3.30/lib/libc_v7m_t_le_eabi.a(libc2_asm.o)
                              C:/Program Files/SEGGER/SEGGER Embedded Studio 3.30/lib/libc_v7m_t_le_eabi.a(libc2.o) (memcpy)
C:/Program Files/SEGGER/SEGGER Embedded Studio 3.30/lib/libc_v7m_t_le_eabi.a(libc_asm.o)
                              C:/Program Files/SEGGER/SEGGER Embedded Studio 3.30/lib/libc_v7m_t_le_eabi.a(libc2.o) (__aeabi_uldivmod)
C:/Program Files/SEGGER/SEGGER Embedded Studio 3.30/lib/libdebugio_v7m_t_le_eabi.a(libdebugio.o)
                              Output/Vehicle Release/Obj/thumb_crt0.o (debug_fopen)
C:/Program Files/SEGGER/SEGGER Embedded Studio 3.30/lib/libdebugio_mempoll_v7m_t_le_eabi.a(mempoll_debug_operations.o)
                              C:/Program Files/SEGGER/SEGGER Embedded Studio 3.30/lib/libdebugio_v7m_t_le_eabi.a(libdebugio.o) (__do_debug_operation)
C:/Program Files/SEGGER/SEGGER Embedded Studio 3.30/lib/libdebugio_mempoll_v7m_t_le_eabi.a(do_nv_debug_operation.o)
                              C:/Program Files/SEGGER/SEGGER Embedded Studio 3.30/lib/libdebugio_v7m_t_le_eabi.a(libdebugio.o) (__do_nvdebug_operation)

Discarded input sections

 .text          0x0000000000000000        0x0 Output/Vehicle Release/Obj/system_stm32f10x.o
 .data          0x0000000000000000        0x0 Output/Vehicle Release/Obj/system_stm32f10x.o
 .bss           0x0000000000000000        0x0 Output/Vehicle Release/Obj/system_stm32f10x.o
 .text          0x0000000000000000        0x0 Output/Vehicle Release/Obj/Retarget.o
 .data          0x0000000000000000        0x0 Output/Vehicle Release/Obj/Retarget.o
 .bss           0x0000000000000000        0x0 Output/Vehicle Release/Obj/Retarget.o
 .text.GetKey   0x0000000000000000        0xc Output/Vehicle Release/Obj/Retarget.o
 .text.__putchar
                0x0000000000000000       0x24 Output/Vehicle Release/Obj/Retarget.o
 .text.__getchar
                0x0000000000000000        0x4 Output/Vehicle Release/Obj/Retarget.o
 .text.FlushInBuf
                0x0000000000000000        0x4 Output/Vehicle Release/Obj/Retarget.o
 .bss.ITM_RxBuffer
                0x0000000000000000        0x4 Output/Vehicle Release/Obj/Retarget.o
 .comment       0x0000000000000000       0x4d Output/Vehicle Release/Obj/Retarget.o
 .ARM.attributes
                0x0000000000000000       0x33 Output/Vehicle Release/Obj/Retarget.o
 .text          0x0000000000000000        0x0 Output/Vehicle Release/Obj/Hal.o
 .data          0x0000000000000000        0x0 Output/Vehicle Release/Obj/Hal.o
 .bss           0x0000000000000000        0x0 Output/Vehicle Release/Obj/Hal.o
 .text          0x0000000000000000        0x0 Output/Vehicle Release/Obj/BSP.o
 .data          0x0000000000000000        0x0 Output/Vehicle Release/Obj/BSP.o
 .bss           0x0000000000000000        0x0 Output/Vehicle Release/Obj/BSP.o
 .bss.g_DebugSerialHandle
                0x0000000000000000       0x38 Output/Vehicle Release/Obj/BSP.o
 .text          0x0000000000000000        0x0 Output/Vehicle Release/Obj/IRQ.o
 .data          0x0000000000000000        0x0 Output/Vehicle Release/Obj/IRQ.o
 .bss           0x0000000000000000        0x0 Output/Vehicle Release/Obj/IRQ.o
 .text          0x0000000000000000        0x0 Output/Vehicle Release/Obj/main.o
 .data          0x0000000000000000        0x0 Output/Vehicle Release/Obj/main.o
 .bss           0x0000000000000000        0x0 Output/Vehicle Release/Obj/main.o
 .text          0x0000000000000000        0x0 Output/Vehicle Release/Obj/Uart.o
 .data          0x0000000000000000        0x0 Output/Vehicle Release/Obj/Uart.o
 .bss           0x0000000000000000        0x0 Output/Vehicle Release/Obj/Uart.o
 .bss.g_bToggle
                0x0000000000000000        0x4 Output/Vehicle Release/Obj/Uart.o
 .text          0x0000000000000000        0x0 Output/Vehicle Release/Obj/Serial.o
 .data          0x0000000000000000        0x0 Output/Vehicle Release/Obj/Serial.o
 .bss           0x0000000000000000        0x0 Output/Vehicle Release/Obj/Serial.o
 .text.SerialBaudrate
                0x0000000000000000        0x8 Output/Vehicle Release/Obj/Serial.o
 .text.SerialWrite
[...]
Memory Configuration

Name             Origin             Length             Attributes
UNPLACED_SECTIONS 0x0000000100000000 0x0000000000000000 xw
RAM              0x0000000020000000 0x0000000000005000 xw
FLASH            0x0000000008000000 0x0000000000020000 xr
*default*        0x0000000000000000 0xffffffffffffffff

Linker script and memory map

                0x0000000000000000                __vfprintf = __vfprintf_float_long
                0x0000000000000000                __vfscanf = __vfscanf_int
                0x0000000020000000                __RAM_segment_start__ = 0x20000000
                0x0000000020005000                __RAM_segment_end__ = 0x20005000
                0x0000000000005000                __RAM_segment_size__ = 0x5000
                0x0000000008000000                __FLASH_segment_start__ = 0x8000000
                0x0000000008020000                __FLASH_segment_end__ = 0x8020000
                0x0000000000020000                __FLASH_segment_size__ = 0x20000
                0x0000000000000100                __HEAPSIZE__ = 0x100
                0x0000000000000000                __STACKSIZE_ABT__ = 0x0
                0x0000000000000000                __STACKSIZE_FIQ__ = 0x0
                0x0000000000000000                __STACKSIZE_IRQ__ = 0x0
                0x0000000000000200                __STACKSIZE_PROCESS__ = 0x200
                0x0000000000000000                __STACKSIZE_SVC__ = 0x0
                0x0000000000000000                __STACKSIZE_UND__ = 0x0
                0x0000000000000200                __STACKSIZE__ = 0x200
                0x0000000020000000                __vectors_ram_load_start__ = ALIGN (__RAM_segment_start__, 0x100)

.vectors_ram    0x0000000020000000        0x0
                0x0000000020000000                __vectors_ram_start__ = .
 *(.vectors_ram .vectors_ram.*)
                0x0000000020000000                __vectors_ram_end__ = (__vectors_ram_start__ + SIZEOF (.vectors_ram))
                0x0000000000000000                __vectors_ram_size__ = SIZEOF (.vectors_ram)
                0x0000000020000000                __vectors_ram_load_end__ = __vectors_ram_end__
                0x0000000000000001                . = ASSERT (((__vectors_ram_start__ == __vectors_ram_end__) || ((__vectors_ram_end__ >= __RAM_segment_start__) && (__vectors_ram_end__ <= __RAM_segment_end__))), error: .vectors_ram is too large to fit in RAM memory segment)
                0x0000000008000000                __vectors_load_start__ = ALIGN (__FLASH_segment_start__, 0x100)

.vectors        0x0000000008000000      0x130
                0x0000000008000000                __vectors_start__ = .
 *(.vectors .vectors.*)
 .vectors       0x0000000008000000      0x130 Output/Vehicle Release/Obj/STM32F103xx_Vectors.o
                0x0000000008000000                _vectors
                0x0000000008000130                __vectors_end__ = (__vectors_start__ + SIZEOF (.vectors))
                0x0000000000000130                __vectors_size__ = SIZEOF (.vectors)
                0x0000000008000130                __vectors_load_end__ = __vectors_end__
                0x0000000000000001                . = ASSERT (((__vectors_start__ == __vectors_end__) || ((__vectors_end__ >= __FLASH_segment_start__) && (__vectors_end__ <= __FLASH_segment_end__))), error: .vectors is too large to fit in FLASH memory segment)
                0x0000000008000130                __init_load_start__ = ALIGN (__vectors_end__, 0x4)

.init           0x0000000008000130      0x204
                0x0000000008000130                __init_start__ = .
 *(.init .init.*)
 .init          0x0000000008000130       0x28 Output/Vehicle Release/Obj/STM32F1xx_Startup.o
                0x0000000008000130                Reset_Handler
 .init          0x0000000008000158       0x84 Output/Vehicle Release/Obj/STM32F103xx_Vectors.o
                0x0000000008000158                NMI_Handler
                0x000000000800015c                SVC_Handler
                0x000000000800015e                PendSV_Handler
                0x0000000008000164                WWDG_IRQHandler
                0x0000000008000166                PVD_IRQHandler
                0x0000000008000168                TAMPER_IRQHandler
                0x000000000800016a                RTC_IRQHandler
                0x000000000800016c                FLASH_IRQHandler
                0x000000000800016e                RCC_IRQHandler
                0x000000000800017a                DMA1_Channel1_IRQHandler
                0x000000000800017c                DMA1_Channel2_IRQHandler
                0x000000000800017e                DMA1_Channel3_IRQHandler
                0x0000000008000180                DMA1_Channel4_IRQHandler
                0x0000000008000182                DMA1_Channel5_IRQHandler
                0x0000000008000184                DMA1_Channel6_IRQHandler
                0x0000000008000186                DMA1_Channel7_IRQHandler
                0x0000000008000188                ADC_IRQHandler
                0x000000000800018a                CAN1_TX_IRQHandler
                0x000000000800018c                CAN1_RX0_IRQHandler
                0x000000000800018e                CAN1_RX1_IRQHandler
                0x0000000008000190                CAN1_SCE_IRQHandler
                0x0000000008000194                TIM1_BRK_TIM9_IRQHandler
                0x0000000008000198                TIM1_TRG_COM_TIM11_IRQHandler
                0x000000000800019a                TIM1_CC_IRQHandler
                0x00000000080001a4                I2C1_ER_IRQHandler
                0x00000000080001a8                I2C2_ER_IRQHandler
                0x00000000080001aa                SPI1_IRQHandler
                0x00000000080001ac                SPI2_IRQHandler
                0x00000000080001b6                RTCAlarm_IRQHandler
                0x00000000080001b8                USB_FS_WKUP_IRQHandler
                0x00000000080001ba                TIM8_BRK_TIM12_IRQHandler
                0x00000000080001bc                TIM8_UP_TIM13_IRQHandler
                0x00000000080001be                TIM8_TRG_COM_TIM14_IRQHandler
                0x00000000080001c0                TIM8_CC_IRQHandler
                0x00000000080001c2                ADC3_IRQHandler
                0x00000000080001c4                FSMC_IRQHandler
                0x00000000080001c6                SDIO_IRQHandler
                0x00000000080001c8                TIM5_IRQHandler
                0x00000000080001ca                SPI3_IRQHandler
                0x00000000080001cc                UART4_IRQHandler
                0x00000000080001ce                UART5_IRQHandler
                0x00000000080001d0                TIM6_IRQHandler
                0x00000000080001d2                TIM7_IRQHandler
                0x00000000080001d4                DMA2_Channel1_IRQHandler
                0x00000000080001d6                DMA2_Channel2_IRQHandler
                0x00000000080001d8                DMA2_Channel3_IRQHandler
                0x00000000080001da                DMA2_Channel4_5_IRQHandler
 .init          0x00000000080001dc      0x158 Output/Vehicle Release/Obj/thumb_crt0.o
                0x00000000080001dc                _start
                0x000000000800028e                exit
                0x0000000008000334                __init_end__ = (__init_start__ + SIZEOF (.init))
                0x0000000000000204                __init_size__ = SIZEOF (.init)
                0x0000000008000334                __init_load_end__ = __init_end__
                0x0000000000000001                . = ASSERT (((__init_start__ == __init_end__) || ((__init_end__ >= __FLASH_segment_start__) && (__init_end__ <= __FLASH_segment_end__))), error: .init is too large to fit in FLASH memory segment)
                0x0000000008000334                __init_rodata_load_start__ = ALIGN (__init_end__, 0x4)

.init_rodata    0x0000000008000334        0x0
                0x0000000008000334                __init_rodata_start__ = .
 *(.init_rodata .init_rodata.*)
                0x0000000008000334                __init_rodata_end__ = (__init_rodata_start__ + SIZEOF (.init_rodata))
                0x0000000000000000                __init_rodata_size__ = SIZEOF (.init_rodata)
                0x0000000008000334                __init_rodata_load_end__ = __init_rodata_end__
                0x0000000000000001                . = ASSERT (((__init_rodata_start__ == __init_rodata_end__) || ((__init_rodata_end__ >= __FLASH_segment_start__) && (__init_rodata_end__ <= __FLASH_segment_end__))), error: .init_rodata is too large to fit in FLASH memory segment)
                0x0000000008000334                __text_load_start__ = ALIGN (__init_rodata_end__, 0x4)

.text           0x0000000008000334     0x2f04
                0x0000000008000334                __text_start__ = .
 *(.text .text.* .glue_7t .glue_7 .gnu.linkonce.t.* .gcc_except_table .ARM.extab* .gnu.linkonce.armextab.*)
 .glue_7        0x0000000008000334        0x0 linker stubs
 .glue_7t       0x0000000008000334        0x0 linker stubs
 .text.SystemInit
                0x0000000008000334      0x108 Output/Vehicle Release/Obj/system_stm32f10x.o
                0x0000000008000334                SystemInit
 .text.SystemCoreClockUpdate
                0x000000000800043c       0x5c Output/Vehicle Release/Obj/system_stm32f10x.o
                0x000000000800043c                SystemCoreClockUpdate
 .text.PortInit
                0x0000000008000498       0xa8 Output/Vehicle Release/Obj/Hal.o
                0x0000000008000498                PortInit
 .text.BSPInit  0x0000000008000540       0x10 Output/Vehicle Release/Obj/BSP.o
                0x0000000008000540                BSPInit
 .text.HardFault_Handler
                0x0000000008000550       0x24 Output/Vehicle Release/Obj/BSP.o
                0x0000000008000550                HardFault_Handler
 .text.IRQInit  0x0000000008000574       0x14 Output/Vehicle Release/Obj/IRQ.o
                0x0000000008000574                IRQInit
 .text.EXTI0_IRQHandler
                0x0000000008000588        0xc Output/Vehicle Release/Obj/IRQ.o
                0x0000000008000588                EXTI0_IRQHandler
 .text.EXTI1_IRQHandler
                0x0000000008000594        0xc Output/Vehicle Release/Obj/IRQ.o
                0x0000000008000594                EXTI1_IRQHandler
 .text.EXTI2_IRQHandler
                0x00000000080005a0        0xc Output/Vehicle Release/Obj/IRQ.o
                0x00000000080005a0                EXTI2_IRQHandler
 .text.EXTI3_IRQHandler
                0x00000000080005ac        0xc Output/Vehicle Release/Obj/IRQ.o
                0x00000000080005ac                EXTI3_IRQHandler
 .text.EXTI4_IRQHandler
                0x00000000080005b8        0xc Output/Vehicle Release/Obj/IRQ.o
                0x00000000080005b8                EXTI4_IRQHandler
 .text.EXTI9_5_IRQHandler
                0x00000000080005c4       0x30 Output/Vehicle Release/Obj/IRQ.o
                0x00000000080005c4                EXTI9_5_IRQHandler
 .text.EXTI15_10_IRQHandler
                0x00000000080005f4       0x30 Output/Vehicle Release/Obj/IRQ.o
                0x00000000080005f4                EXTI15_10_IRQHandler
 .text.main_cbUart2OnTx
                0x0000000008000624        0xc Output/Vehicle Release/Obj/main.o
 .text.main_cbUart2OnRx
                0x0000000008000630        0xc Output/Vehicle Release/Obj/main.o
 .text.startup.main
                0x000000000800063c      0x264 Output/Vehicle Release/Obj/main.o
                0x000000000800063c                main
 .text.SysTick_Handler
                0x00000000080008a0       0x48 Output/Vehicle Release/Obj/main.o
                0x00000000080008a0                SysTick_Handler
 .text.UartInit
                0x00000000080008e8      0x13c Output/Vehicle Release/Obj/Uart.o
 .text.UartSetBaud
                0x0000000008000a24       0x4c Output/Vehicle Release/Obj/Uart.o
 .text.UartSetCfg
                0x0000000008000a70       0xc0 Output/Vehicle Release/Obj/Uart.o
 .text.UartSetIrqLevel
                0x0000000008000b30       0x30 Output/Vehicle Release/Obj/Uart.o
 .text.UartLoopback
                0x0000000008000b60        0x4 Output/Vehicle Release/Obj/Uart.o
 .text.UartWrite
                0x0000000008000b64       0x10 Output/Vehicle Release/Obj/Uart.o
 .text.UartRead
                0x0000000008000b74        0x8 Output/Vehicle Release/Obj/Uart.o
 .text.UartIsTxEnd
                0x0000000008000b7c       0x10 Output/Vehicle Release/Obj/Uart.o
 .text.UartIsTxReady
                0x0000000008000b8c       0x10 Output/Vehicle Release/Obj/Uart.o
 .text.UartIsRxReady
                0x0000000008000b9c        0xc Output/Vehicle Release/Obj/Uart.o
 .text.UartTxEnd
                0x0000000008000ba8       0x10 Output/Vehicle Release/Obj/Uart.o
 .text.UartLock
                0x0000000008000bb8       0x20 Output/Vehicle Release/Obj/Uart.o
 .text.UartUnlock
                0x0000000008000bd8       0x1c Output/Vehicle Release/Obj/Uart.o
 .text.USART1_IRQHandler
                0x0000000008000bf4       0x34 Output/Vehicle Release/Obj/Uart.o
                0x0000000008000bf4                USART1_IRQHandler
 .text.USART2_IRQHandler
                0x0000000008000c28       0x30 Output/Vehicle Release/Obj/Uart.o
                0x0000000008000c28                USART2_IRQHandler
 .text.USART3_IRQHandler
                0x0000000008000c58       0x30 Output/Vehicle Release/Obj/Uart.o
                0x0000000008000c58                USART3_IRQHandler
 .text.SerialInit
                0x0000000008000c88       0x4c Output/Vehicle Release/Obj/Serial.o
                0x0000000008000c88                SerialInit
 .text.SerialAddCallback
                0x0000000008000cd4        0xc Output/Vehicle Release/Obj/Serial.o
                0x0000000008000cd4                SerialAddCallback
 .text.SerialConfig
                0x0000000008000ce0        0xc Output/Vehicle Release/Obj/Serial.o
                0x0000000008000ce0                SerialConfig
 .text.SerialWriteEx
                0x0000000008000cec       0x30 Output/Vehicle Release/Obj/Serial.o
                0x0000000008000cec                SerialWriteEx
 .text.SerialRead
                0x0000000008000d1c       0x44 Output/Vehicle Release/Obj/Serial.o
                0x0000000008000d1c                SerialRead
 .text.SerialIsRxReady
                0x0000000008000d60        0xc Output/Vehicle Release/Obj/Serial.o
                0x0000000008000d60                SerialIsRxReady
 .text.UartIsrTx
                0x0000000008000d6c       0x44 Output/Vehicle Release/Obj/Serial.o
                0x0000000008000d6c                UartIsrTx
 .text.UartIsrRx
                0x0000000008000db0       0x44 Output/Vehicle Release/Obj/Serial.o
                0x0000000008000db0                UartIsrRx
 .text.TimerInit
                0x0000000008000df4      0x10c Output/Vehicle Release/Obj/Timer.o
                0x0000000008000df4                TimerInit
 .text.TimerAddHook
                0x0000000008000f00        0xc Output/Vehicle Release/Obj/Timer.o
                0x0000000008000f00                TimerAddHook
 .text.TIM1_UP_TIM10_IRQHandler
                0x0000000008000f0c       0x30 Output/Vehicle Release/Obj/Timer.o
                0x0000000008000f0c                TIM1_UP_TIM10_IRQHandler
 .text.TIM2_IRQHandler
                0x0000000008000f3c       0x30 Output/Vehicle Release/Obj/Timer.o
                0x0000000008000f3c                TIM2_IRQHandler
 .text.TIM3_IRQHandler
                0x0000000008000f6c       0x30 Output/Vehicle Release/Obj/Timer.o
                0x0000000008000f6c                TIM3_IRQHandler
 .text.TIM4_IRQHandler
                0x0000000008000f9c       0x30 Output/Vehicle Release/Obj/Timer.o
                0x0000000008000f9c                TIM4_IRQHandler
 .text.ImuInit  0x0000000008000fcc       0x4c Output/Vehicle Release/Obj/imu.o
                0x0000000008000fcc                ImuInit
 .text.ImuUpdateAcclGyro
                0x0000000008001018      0x630 Output/Vehicle Release/Obj/imu.o
                0x0000000008001018                ImuUpdateAcclGyro
 .text.ImuComputeResult
                0x0000000008001648      0x10c Output/Vehicle Release/Obj/imu.o
                0x0000000008001648                ImuComputeResult
 .text.mpu_cbI2cOnDone
                0x0000000008001754        0xc Output/Vehicle Release/Obj/PololuV5.o
 .text.mpu_TimerTick
                0x0000000008001760       0x14 Output/Vehicle Release/Obj/PololuV5.o
 .text.ImuPololuInit
                0x0000000008001774      0x420 Output/Vehicle Release/Obj/PololuV5.o
                0x0000000008001774                ImuPololuInit
 .text.ImuPololuReadData
                0x0000000008001b94      0x18c Output/Vehicle Release/Obj/PololuV5.o
                0x0000000008001b94                ImuPololuReadData
 .text.I2cInit  0x0000000008001d20       0x8c Output/Vehicle Release/Obj/i2c.o
                0x0000000008001d20                I2cInit
 .text.I2cWrite
                0x0000000008001dac       0x34 Output/Vehicle Release/Obj/i2c.o
                0x0000000008001dac                I2cWrite
 .text.I2cRead  0x0000000008001de0       0x2c Output/Vehicle Release/Obj/i2c.o
                0x0000000008001de0                I2cRead
 .text.I2cAddHook
                0x0000000008001e0c        0xc Output/Vehicle Release/Obj/i2c.o
                0x0000000008001e0c                I2cAddHook
 .text.I2C1_EV_IRQHandler
                0x0000000008001e18      0x168 Output/Vehicle Release/Obj/i2c.o
                0x0000000008001e18                I2C1_EV_IRQHandler
 .text.I2C2_EV_IRQHandler
                0x0000000008001f80      0x168 Output/Vehicle Release/Obj/i2c.o
                0x0000000008001f80                I2C2_EV_IRQHandler
 .text.TerminalParse
                0x00000000080020e8       0x6c Output/Vehicle Release/Obj/term.o
                0x00000000080020e8                TerminalParse
 .text.__aeabi_read_tp
                0x0000000008002154        0x8 Output/Vehicle Release/Obj/thumb_crt0.o
                0x0000000008002154                __aeabi_read_tp
 .text.libc.__int32_to_float32
                0x000000000800215c       0x30 C:/Program Files/SEGGER/SEGGER Embedded Studio 3.30/lib/libm_v7m_t_le_eabi.a(libm_asm.o)
                0x000000000800215c                __int32_to_float32
                0x000000000800215c                __floatsisf
                0x000000000800215c                __aeabi_i2f
                0x000000000800216c                __int32_to_float32_common
 .text.libc.__int32_to_float64
                0x000000000800218c       0x30 C:/Program Files/SEGGER/SEGGER Embedded Studio 3.30/lib/libm_v7m_t_le_eabi.a(libm_asm.o)
                0x000000000800218c                __aeabi_i2d
                0x000000000800218c                __int32_to_float64
                0x000000000800218c                __floatsidf
 .text.libc.__uint32_to_float64
                0x00000000080021bc       0x24 C:/Program Files/SEGGER/SEGGER Embedded Studio 3.30/lib/libm_v7m_t_le_eabi.a(libm_asm.o)
                0x00000000080021bc                __aeabi_ui2d
                0x00000000080021bc                __floatunsidf
                0x00000000080021bc                __uint32_to_float64
 .text.libc.__float64_to_int32
                0x00000000080021e0       0x50 C:/Program Files/SEGGER/SEGGER Embedded Studio 3.30/lib/libm_v7m_t_le_eabi.a(libm_asm.o)
                0x00000000080021e0                __aeabi_d2iz
                0x00000000080021e0                __float64_to_int32
                0x00000000080021e0                __fixdfsi
 .text.libc.__float32_to_float64
                0x0000000008002230       0x38 C:/Program Files/SEGGER/SEGGER Embedded Studio 3.30/lib/libm_v7m_t_le_eabi.a(libm_asm.o)
                0x0000000008002230                __float32_to_float64
                0x0000000008002230                __aeabi_f2d
                0x0000000008002230                __extendsfdf2
 .text.libc.__float32_add
                0x0000000008002268      0x138 C:/Program Files/SEGGER/SEGGER Embedded Studio 3.30/lib/libm_v7m_t_le_eabi.a(libm_asm.o)
                0x0000000008002268                __aeabi_frsub
                0x0000000008002270                __subsf3
                0x0000000008002270                __aeabi_fsub
                0x0000000008002270                __float32_sub
                0x0000000008002274                __addsf3
                0x0000000008002274                __float32_add
                0x0000000008002274                __aeabi_fadd
 .text.libc.__float32_mul
                0x00000000080023a0       0xd4 C:/Program Files/SEGGER/SEGGER Embedded Studio 3.30/lib/libm_v7m_t_le_eabi.a(libm_asm.o)
                0x00000000080023a0                __mulsf3
                0x00000000080023a0                __aeabi_fmul
                0x00000000080023a0                __float32_mul
 .text.libc.__float32_div
                0x0000000008002474      0x1e0 C:/Program Files/SEGGER/SEGGER Embedded Studio 3.30/lib/libm_v7m_t_le_eabi.a(libm_asm.o)
                0x0000000008002474                __aeabi_fdiv
                0x0000000008002474                __float32_div
                0x0000000008002474                __divsf3
 .text.libc.__aeabi_fcmpeq
                0x0000000008002654       0x1c C:/Program Files/SEGGER/SEGGER Embedded Studio 3.30/lib/libm_v7m_t_le_eabi.a(libm_asm.o)
                0x0000000008002654                __aeabi_fcmpeq
 .text.libc.__aeabi_fcmplt
                0x0000000008002670       0x30 C:/Program Files/SEGGER/SEGGER Embedded Studio 3.30/lib/libm_v7m_t_le_eabi.a(libm_asm.o)
                0x0000000008002670                __aeabi_fcmplt
 .text.libc.__aeabi_fcmpgt
                0x00000000080026a0       0x30 C:/Program Files/SEGGER/SEGGER Embedded Studio 3.30/lib/libm_v7m_t_le_eabi.a(libm_asm.o)
                0x00000000080026a0                __aeabi_fcmpgt
 .text.libc.__float64_add
                0x00000000080026d0      0x294 C:/Program Files/SEGGER/SEGGER Embedded Studio 3.30/lib/libm_v7m_t_le_eabi.a(libm_asm.o)
                0x00000000080026d0                __aeabi_drsub
                0x00000000080026d8                __aeabi_dsub
                0x00000000080026d8                __float64_sub
                0x00000000080026d8                __subdf3
                0x00000000080026dc                __aeabi_dadd
                0x00000000080026dc                __float64_add
                0x00000000080026dc                __adddf3
 .text.libc.__float64_mul
                0x0000000008002964      0x16c C:/Program Files/SEGGER/SEGGER Embedded Studio 3.30/lib/libm_v7m_t_le_eabi.a(libm_asm.o)
                0x0000000008002964                __float64_mul
                0x0000000008002964                __muldf3
                0x0000000008002964                __aeabi_dmul
 .text.libc.__float64_div
                0x0000000008002ad0      0x214 C:/Program Files/SEGGER/SEGGER Embedded Studio 3.30/lib/libm_v7m_t_le_eabi.a(libm_asm.o)
                0x0000000008002ad0                __divdf3
                0x0000000008002ad0                __float64_div
                0x0000000008002ad0                __aeabi_ddiv
 .text.libc.atanf
                0x0000000008002ce4      0x16c C:/Program Files/SEGGER/SEGGER Embedded Studio 3.30/lib/libm_v7m_t_le_eabi.a(libm2.o)
                0x0000000008002ce4                atanf
                0x0000000008002ce4                atan(float)
 .text.libc.atan2f
                0x0000000008002e50       0xc4 C:/Program Files/SEGGER/SEGGER Embedded Studio 3.30/lib/libm_v7m_t_le_eabi.a(libm2.o)
                0x0000000008002e50                atan2f
                0x0000000008002e50                atan2(float, float)
 .text.libc.sqrtf
                0x0000000008002f14       0xb8 C:/Program Files/SEGGER/SEGGER Embedded Studio 3.30/lib/libm_v7m_t_le_eabi.a(libm2.o)
                0x0000000008002f14                sqrt(float)
                0x0000000008002f14                sqrtf
 .text.libc.asinf
                0x0000000008002fcc      0x184 C:/Program Files/SEGGER/SEGGER Embedded Studio 3.30/lib/libm_v7m_t_le_eabi.a(libm2.o)
                0x0000000008002fcc                asinf
                0x0000000008002fcc                asin(float)
 .text.libc.fabsf
                0x0000000008003150        0x8 C:/Program Files/SEGGER/SEGGER Embedded Studio 3.30/lib/libm_v7m_t_le_eabi.a(libm2_asm.o)
                0x0000000008003150                fabsf
                0x0000000008003150                fabs(float)
 .text.libc.ldexpf
                0x0000000008003158       0x38 C:/Program Files/SEGGER/SEGGER Embedded Studio 3.30/lib/libm_v7m_t_le_eabi.a(libm2_asm.o)
                0x0000000008003158                ldexp(float, int)
                0x0000000008003158                ldexpf
 .text.libc.frexpf
                0x0000000008003190       0x2c C:/Program Files/SEGGER/SEGGER Embedded Studio 3.30/lib/libm_v7m_t_le_eabi.a(libm2_asm.o)
                0x0000000008003190                frexpf
                0x0000000008003190                frexp(float, int*)
 .text.libc.__aeabi_errno_addr
                0x00000000080031bc       0x14 C:/Program Files/SEGGER/SEGGER Embedded Studio 3.30/lib/libc_v7m_t_le_eabi.a(libc2.o)
                0x00000000080031bc                __aeabi_errno_addr
 .text.libc.memset
                0x00000000080031d0       0x68 C:/Program Files/SEGGER/SEGGER Embedded Studio 3.30/lib/libc_v7m_t_le_eabi.a(libc2_asm.o)
                0x00000000080031d0                memset
                0x0000000008003238                __text_end__ = (__text_start__ + SIZEOF (.text))
                0x0000000000002f04                __text_size__ = SIZEOF (.text)
                0x0000000008003238                __text_load_end__ = __text_end__

.vfp11_veneer   0x0000000100000000        0x0
 .vfp11_veneer  0x0000000100000000        0x0 linker stubs

.v4_bx          0x0000000100000000        0x0
 .v4_bx         0x0000000100000000        0x0 linker stubs

.iplt           0x0000000100000000        0x0
 .iplt          0x0000000100000000        0x0 Output/Vehicle Release/Obj/system_stm32f10x.o
                0x0000000000000001                . = ASSERT (((__text_start__ == __text_end__) || ((__text_end__ >= __FLASH_segment_start__) && (__text_end__ <= __FLASH_segment_end__))), error: .text is too large to fit in FLASH memory segment)
                0x0000000008003238                __dtors_load_start__ = ALIGN (__text_end__, 0x4)

.dtors          0x0000000008003238        0x0
                0x0000000008003238                __dtors_start__ = .
 *(SORT(.dtors.*))
 *(.dtors)
 *(.fini_array)
 *(SORT(.fini_array.*))
                0x0000000008003238                __dtors_end__ = (__dtors_start__ + SIZEOF (.dtors))
                0x0000000000000000                __dtors_size__ = SIZEOF (.dtors)
                0x0000000008003238                __dtors_load_end__ = __dtors_end__
                0x0000000000000001                . = ASSERT (((__dtors_start__ == __dtors_end__) || ((__dtors_end__ >= __FLASH_segment_start__) && (__dtors_end__ <= __FLASH_segment_end__))), error: .dtors is too large to fit in FLASH memory segment)
                0x0000000008003238                __ctors_load_start__ = ALIGN (__dtors_end__, 0x4)

.ctors          0x0000000008003238        0x0
                0x0000000008003238                __ctors_start__ = .
 *(SORT(.ctors.*))
 *(.ctors)
 *(.init_array)
 *(SORT(.init_array.*))
                0x0000000008003238                __ctors_end__ = (__ctors_start__ + SIZEOF (.ctors))
                0x0000000000000000                __ctors_size__ = SIZEOF (.ctors)
                0x0000000008003238                __ctors_load_end__ = __ctors_end__
                0x0000000000000001                . = ASSERT (((__ctors_start__ == __ctors_end__) || ((__ctors_end__ >= __FLASH_segment_start__) && (__ctors_end__ <= __FLASH_segment_end__))), error: .ctors is too large to fit in FLASH memory segment)
                0x0000000008003238                __rodata_load_start__ = ALIGN (__ctors_end__, 0x4)

.rodata         0x0000000008003238       0x5c
                0x0000000008003238                __rodata_start__ = .
 *(.rodata .rodata.* .gnu.linkonce.r.*)
 .rodata.APB_PPRE
                0x0000000008003238       0x10 Output/Vehicle Release/Obj/Uart.o
 .rodata.STM32F103X_UART_DRV
                0x0000000008003248       0x34 Output/Vehicle Release/Obj/Uart.o
                0x0000000008003248                STM32F103X_UART_DRV
 .rodata.libc.__float32_nan
                0x000000000800327c        0x4 C:/Program Files/SEGGER/SEGGER Embedded Studio 3.30/lib/libm_v7m_t_le_eabi.a(libm_asm.o)
                0x000000000800327c                __float32_nan
 .rodata.libc.atanf_a
                0x0000000008003280       0x10 C:/Program Files/SEGGER/SEGGER Embedded Studio 3.30/lib/libm_v7m_t_le_eabi.a(libm2.o)
 .rodata.libc.__aeabi_EDOM
                0x0000000008003290        0x4 C:/Program Files/SEGGER/SEGGER Embedded Studio 3.30/lib/libc_v7m_t_le_eabi.a(libc2.o)
                0x0000000008003290                __aeabi_EDOM
                0x0000000008003294                __rodata_end__ = (__rodata_start__ + SIZEOF (.rodata))
                0x000000000000005c                __rodata_size__ = SIZEOF (.rodata)
                0x0000000008003294                __rodata_load_end__ = __rodata_end__

.rel.dyn        0x0000000008000000        0x0
 .rel.iplt      0x0000000008000000        0x0 Output/Vehicle Release/Obj/system_stm32f10x.o
                0x0000000000000001                . = ASSERT (((__rodata_start__ == __rodata_end__) || ((__rodata_end__ >= __FLASH_segment_start__) && (__rodata_end__ <= __FLASH_segment_end__))), error: .rodata is too large to fit in FLASH memory segment)
                0x0000000008003294                __ARM.exidx_load_start__ = ALIGN (__rodata_end__, 0x4)

.ARM.exidx      0x0000000008003294        0x0
                0x0000000008003294                __ARM.exidx_start__ = .
                0x0000000008003294                __exidx_start = __ARM.exidx_start__
 *(.ARM.exidx .ARM.exidx.*)
                0x0000000008003294                __ARM.exidx_end__ = (__ARM.exidx_start__ + SIZEOF (.ARM.exidx))
                0x0000000000000000                __ARM.exidx_size__ = SIZEOF (.ARM.exidx)
                0x0000000008003294                __exidx_end = __ARM.exidx_end__
                0x0000000008003294                __ARM.exidx_load_end__ = __ARM.exidx_end__
                0x0000000000000001                . = ASSERT (((__ARM.exidx_start__ == __ARM.exidx_end__) || ((__ARM.exidx_end__ >= __FLASH_segment_start__) && (__ARM.exidx_end__ <= __FLASH_segment_end__))), error: .ARM.exidx is too large to fit in FLASH memory segment)
                0x0000000008003294                __fast_load_start__ = ALIGN (__ARM.exidx_end__, 0x4)

.fast           0x0000000020000000        0x0 load address 0x0000000008003294
                0x0000000020000000                __fast_start__ = .
 *(.fast .fast.*)
                0x0000000020000000                __fast_end__ = (__fast_start__ + SIZEOF (.fast))
                0x0000000000000000                __fast_size__ = SIZEOF (.fast)
                0x0000000008003294                __fast_load_end__ = (__fast_load_start__ + SIZEOF (.fast))
                0x0000000000000001                . = ASSERT (((__fast_load_start__ == __fast_load_end__) || ((__fast_load_end__ >= __FLASH_segment_start__) && (__fast_load_end__ <= __FLASH_segment_end__))), error: .fast is too large to fit in FLASH memory segment)

.fast_run       0x0000000020000000        0x0
                0x0000000020000000                __fast_run_start__ = .
                0x0000000020000000                . = MAX ((__fast_run_start__ + SIZEOF (.fast)), .)
                0x0000000020000000                __fast_run_end__ = (__fast_run_start__ + SIZEOF (.fast_run))
                0x0000000000000000                __fast_run_size__ = SIZEOF (.fast_run)
                0x0000000020000000                __fast_run_load_end__ = __fast_run_end__
                0x0000000000000001                . = ASSERT (((__fast_run_start__ == __fast_run_end__) || ((__fast_run_end__ >= __RAM_segment_start__) && (__fast_run_end__ <= __RAM_segment_end__))), error: .fast_run is too large to fit in RAM memory segment)
                0x0000000008003294                __data_load_start__ = ALIGN ((__fast_load_start__ + SIZEOF (.fast)), 0x4)

.data           0x0000000020000000       0x1c load address 0x0000000008003294
                0x0000000020000000                __data_start__ = .
 *(.data .data.* .gnu.linkonce.d.*)
 .data.AHBPrescTable
                0x0000000020000000       0x10 Output/Vehicle Release/Obj/system_stm32f10x.o
                0x0000000020000000                AHBPrescTable
 .data.SystemCoreClock
                0x0000000020000010        0x4 Output/Vehicle Release/Obj/system_stm32f10x.o
                0x0000000020000010                SystemCoreClock
 .data.g_nImuTick
                0x0000000020000014        0x4 Output/Vehicle Release/Obj/main.o
 .data.g_nSystemTick
                0x0000000020000018        0x4 Output/Vehicle Release/Obj/main.o
                0x000000002000001c                __data_end__ = (__data_start__ + SIZEOF (.data))
                0x000000000000001c                __data_size__ = SIZEOF (.data)
                0x00000000080032b0                __data_load_end__ = (__data_load_start__ + SIZEOF (.data))

.igot.plt       0x0000000100000000        0x0
 .igot.plt      0x0000000100000000        0x0 Output/Vehicle Release/Obj/system_stm32f10x.o
                0x0000000000000001                . = ASSERT (((__data_load_start__ == __data_load_end__) || ((__data_load_end__ >= __FLASH_segment_start__) && (__data_load_end__ <= __FLASH_segment_end__))), error: .data is too large to fit in FLASH memory segment)

.data_run       0x0000000020000000       0x1c load address 0x0000000008003294
                0x0000000020000000                __data_run_start__ = .
                0x000000002000001c                . = MAX ((__data_run_start__ + SIZEOF (.data)), .)
 *fill*         0x0000000020000000       0x1c 
                0x000000002000001c                __data_run_end__ = (__data_run_start__ + SIZEOF (.data_run))
                0x000000000000001c                __data_run_size__ = SIZEOF (.data_run)
                0x000000002000001c                __data_run_load_end__ = __data_run_end__
                0x0000000000000001                . = ASSERT (((__data_run_start__ == __data_run_end__) || ((__data_run_end__ >= __RAM_segment_start__) && (__data_run_end__ <= __RAM_segment_end__))), error: .data_run is too large to fit in RAM memory segment)
                0x00000000080032b0                __tdata_load_start__ = ALIGN ((__data_load_start__ + SIZEOF (.data)), 0x4)

.tdata          0x000000002000001c        0x0 load address 0x00000000080032b0
                0x000000002000001c                __tdata_start__ = .
 *(.tdata .tdata.*)
                0x000000002000001c                __tdata_end__ = (__tdata_start__ + SIZEOF (.tdata))
                0x0000000000000000                __tdata_size__ = SIZEOF (.tdata)
                0x00000000080032b0                __tdata_load_end__ = (__tdata_load_start__ + SIZEOF (.tdata))
                0x00000000080032b0                __FLASH_segment_used_end__ = (ALIGN ((__data_load_start__ + SIZEOF (.data)), 0x4) + SIZEOF (.tdata))
                0x00000000000032b0                __FLASH_segment_used_size__ = (__FLASH_segment_used_end__ - __FLASH_segment_start__)
                0x0000000000000001                . = ASSERT (((__tdata_load_start__ == __tdata_load_end__) || ((__tdata_load_end__ >= __FLASH_segment_start__) && (__tdata_load_end__ <= __FLASH_segment_end__))), error: .tdata is too large to fit in FLASH memory segment)

.tdata_run      0x000000002000001c        0x0
                0x000000002000001c                __tdata_run_start__ = .
                0x000000002000001c                . = MAX ((__tdata_run_start__ + SIZEOF (.tdata)), .)
                0x000000002000001c                __tdata_run_end__ = (__tdata_run_start__ + SIZEOF (.tdata_run))
                0x0000000000000000                __tdata_run_size__ = SIZEOF (.tdata_run)
                0x000000002000001c                __tdata_run_load_end__ = __tdata_run_end__
                0x0000000000000001                . = ASSERT (((__tdata_run_start__ == __tdata_run_end__) || ((__tdata_run_end__ >= __RAM_segment_start__) && (__tdata_run_end__ <= __RAM_segment_end__))), error: .tdata_run is too large to fit in RAM memory segment)
                0x000000002000001c                __bss_load_start__ = ALIGN (__tdata_run_end__, 0x4)

.bss            0x000000002000001c      0x980
                0x000000002000001c                __bss_start__ = .
 *(.bss .bss.* .gnu.linkonce.b.*)
 .bss.g_I2cHandle
                0x000000002000001c       0x20 Output/Vehicle Release/Obj/main.o
 .bss.g_ImuData
                0x000000002000003c       0x12 Output/Vehicle Release/Obj/main.o
 *fill*         0x000000002000004e        0x2 
 .bss.g_PrevImuData
                0x0000000020000050       0x12 Output/Vehicle Release/Obj/main.o
 *fill*         0x0000000020000062        0x2 
 .bss.g_RespPkt
                0x0000000020000064       0x12 Output/Vehicle Release/Obj/main.o
 *fill*         0x0000000020000076        0x2 
 .bss.g_TerminalUsart2Handle
                0x0000000020000078       0x38 Output/Vehicle Release/Obj/main.o
 .bss.g_Timer1Handle
                0x00000000200000b0        0xc Output/Vehicle Release/Obj/main.o
 .bss.g_aUart2RxBuf
                0x00000000200000bc      0x400 Output/Vehicle Release/Obj/main.o
 .bss.g_aUart2TxBuf
                0x00000000200004bc      0x400 Output/Vehicle Release/Obj/main.o
 .bss.g_bHostCmd
                0x00000000200008bc        0x4 Output/Vehicle Release/Obj/main.o
 .bss.g_bHostUartTxDone
                0x00000000200008c0        0x4 Output/Vehicle Release/Obj/main.o
 .bss.g_bImuTick
                0x00000000200008c4        0x4 Output/Vehicle Release/Obj/main.o
 .bss.g_bSystemTick
                0x00000000200008c8        0x4 Output/Vehicle Release/Obj/main.o
 .bss.g_dPitch  0x00000000200008cc        0x4 Output/Vehicle Release/Obj/main.o
 .bss.g_dRoll   0x00000000200008d0        0x4 Output/Vehicle Release/Obj/main.o
 .bss.g_dYaw    0x00000000200008d4        0x4 Output/Vehicle Release/Obj/main.o
 .bss.g_UartIrqHandles
                0x00000000200008d8        0xc Output/Vehicle Release/Obj/Uart.o
 .bss.g_aTimerIrqHandle
                0x00000000200008e4       0x10 Output/Vehicle Release/Obj/Timer.o
 .bss.beta      0x00000000200008f4        0x4 Output/Vehicle Release/Obj/imu.o
 .bss.invSampleFreq
                0x00000000200008f8        0x4 Output/Vehicle Release/Obj/imu.o
 .bss.q0        0x00000000200008fc        0x4 Output/Vehicle Release/Obj/imu.o
 .bss.q1        0x0000000020000900        0x4 Output/Vehicle Release/Obj/imu.o
 .bss.q2        0x0000000020000904        0x4 Output/Vehicle Release/Obj/imu.o
 .bss.q3        0x0000000020000908        0x4 Output/Vehicle Release/Obj/imu.o
 .bss.g_I2cHook
                0x000000002000090c        0x8 Output/Vehicle Release/Obj/PololuV5.o
 .bss.g_aBuf    0x0000000020000914       0x40 Output/Vehicle Release/Obj/PololuV5.o
 .bss.g_bI2cDone
                0x0000000020000954        0x4 Output/Vehicle Release/Obj/PololuV5.o
 .bss.g_hTimerHook
                0x0000000020000958        0x8 Output/Vehicle Release/Obj/PololuV5.o
 .bss.g_nInterval
                0x0000000020000960        0x4 Output/Vehicle Release/Obj/PololuV5.o
 .bss.g_nIntervalConst
                0x0000000020000964        0x4 Output/Vehicle Release/Obj/PololuV5.o
 .bss.g_pI2cHandle
                0x0000000020000968        0x4 Output/Vehicle Release/Obj/PololuV5.o
 .bss.g_pI2cIrqHandles
                0x000000002000096c        0x8 Output/Vehicle Release/Obj/i2c.o
 .bss.g_Cmd     0x0000000020000974       0x28 Output/Vehicle Release/Obj/term.o
 *(COMMON)
                0x000000002000099c                __bss_end__ = (__bss_start__ + SIZEOF (.bss))
                0x0000000000000980                __bss_size__ = SIZEOF (.bss)
                0x000000002000099c                __bss_load_end__ = __bss_end__
                0x0000000000000001                . = ASSERT (((__bss_start__ == __bss_end__) || ((__bss_end__ >= __RAM_segment_start__) && (__bss_end__ <= __RAM_segment_end__))), error: .bss is too large to fit in RAM memory segment)
                0x000000002000099c                __tbss_load_start__ = ALIGN (__bss_end__, 0x4)

.tbss           0x000000002000099c        0x4
                0x000000002000099c                __tbss_start__ = .
 *(.tbss .tbss.*)
 .tbss.errno_val
                0x000000002000099c        0x4 C:/Program Files/SEGGER/SEGGER Embedded Studio 3.30/lib/libc_v7m_t_le_eabi.a(libc2.o)
                0x00000000200009a0                __tbss_end__ = (__tbss_start__ + SIZEOF (.tbss))
                0x0000000000000004                __tbss_size__ = SIZEOF (.tbss)
                0x00000000200009a0                __tbss_load_end__ = __tbss_end__
                0x0000000000000001                . = ASSERT (((__tbss_start__ == __tbss_end__) || ((__tbss_end__ >= __RAM_segment_start__) && (__tbss_end__ <= __RAM_segment_end__))), error: .tbss is too large to fit in RAM memory segment)
                0x00000000200009a0                __non_init_load_start__ = ALIGN (__tbss_end__, 0x4)

.non_init       0x00000000200009a0        0x0
                0x00000000200009a0                __non_init_start__ = .
 *(.non_init .non_init.*)
                0x00000000200009a0                __non_init_end__ = (__non_init_start__ + SIZEOF (.non_init))
                0x0000000000000000                __non_init_size__ = SIZEOF (.non_init)
                0x00000000200009a0                __non_init_load_end__ = __non_init_end__
                0x0000000000000001                . = ASSERT (((__non_init_start__ == __non_init_end__) || ((__non_init_end__ >= __RAM_segment_start__) && (__non_init_end__ <= __RAM_segment_end__))), error: .non_init is too large to fit in RAM memory segment)
                0x00000000200009a0                __heap_load_start__ = ALIGN (__non_init_end__, 0x4)

.heap           0x00000000200009a0      0x100
                0x00000000200009a0                __heap_start__ = .
 *(.heap .heap.*)
                0x0000000020000aa0                . = ALIGN (MAX ((__heap_start__ + __HEAPSIZE__), .), 0x4)
 *fill*         0x00000000200009a0      0x100 
                0x0000000020000aa0                __heap_end__ = (__heap_start__ + SIZEOF (.heap))
                0x0000000000000100                __heap_size__ = SIZEOF (.heap)
                0x0000000020000aa0                __heap_load_end__ = __heap_end__
                0x0000000000000001                . = ASSERT (((__heap_start__ == __heap_end__) || ((__heap_end__ >= __RAM_segment_start__) && (__heap_end__ <= __RAM_segment_end__))), error: .heap is too large to fit in RAM memory segment)
                0x0000000020004c00                __stack_load_start__ = (__RAM_segment_end__ - 0x400)

.stack          0x0000000020004c00      0x200
                0x0000000020004c00                __stack_start__ = .
 *(.stack .stack.*)
                0x0000000020004e00                . = ALIGN (MAX ((__stack_start__ + __STACKSIZE__), .), 0x8)
 *fill*         0x0000000020004c00      0x200 
                0x0000000020004e00                __stack_end__ = (__stack_start__ + SIZEOF (.stack))
                0x0000000000000200                __stack_size__ = SIZEOF (.stack)
                0x0000000020004e00                __stack_load_end__ = __stack_end__
                0x0000000000000001                . = ASSERT (((__stack_start__ == __stack_end__) || ((__stack_end__ >= __RAM_segment_start__) && (__stack_end__ <= __RAM_segment_end__))), error: .stack is too large to fit in RAM memory segment)
                0x0000000000000001                . = ASSERT ((__heap_end__ <= __stack_start__), error: section .heap overlaps absolute placed section .stack)
                0x0000000020004e00                __stack_process_load_start__ = ALIGN (__stack_end__, 0x8)

.stack_process  0x0000000020004e00      0x200
                0x0000000020004e00                __stack_process_start__ = .
 *(.stack_process .stack_process.*)
                0x0000000020005000                . = ALIGN (MAX ((__stack_process_start__ + __STACKSIZE_PROCESS__), .), 0x8)
 *fill*         0x0000000020004e00      0x200 
                0x0000000020005000                __stack_process_end__ = (__stack_process_start__ + SIZEOF (.stack_process))
                0x0000000000000200                __stack_process_size__ = SIZEOF (.stack_process)
                0x0000000020005000                __stack_process_load_end__ = __stack_process_end__
                0x0000000020005000                __RAM_segment_used_end__ = (ALIGN (__stack_end__, 0x8) + SIZEOF (.stack_process))
                0x0000000000005000                __RAM_segment_used_size__ = (__RAM_segment_used_end__ - __RAM_segment_start__)
                0x0000000000000001                . = ASSERT (((__stack_process_start__ == __stack_process_end__) || ((__stack_process_end__ >= __RAM_segment_start__) && (__stack_process_end__ <= __RAM_segment_end__))), error: .stack_process is too large to fit in RAM memory segment)
START GROUP
LOAD Output/Vehicle Release/Obj/system_stm32f10x.o
LOAD Output/Vehicle Release/Obj/Retarget.o
LOAD Output/Vehicle Release/Obj/Hal.o
LOAD Output/Vehicle Release/Obj/BSP.o
LOAD Output/Vehicle Release/Obj/IRQ.o
LOAD Output/Vehicle Release/Obj/main.o
LOAD Output/Vehicle Release/Obj/Uart.o
LOAD Output/Vehicle Release/Obj/Serial.o
LOAD Output/Vehicle Release/Obj/pwm.o
LOAD Output/Vehicle Release/Obj/Timer.o
LOAD Output/Vehicle Release/Obj/crc16.o
LOAD Output/Vehicle Release/Obj/imu.o
LOAD Output/Vehicle Release/Obj/PololuV5.o
LOAD Output/Vehicle Release/Obj/i2c.o
LOAD Output/Vehicle Release/Obj/term.o
LOAD Output/Vehicle Release/Obj/STM32F1xx_Startup.o
LOAD Output/Vehicle Release/Obj/STM32F103xx_Vectors.o
LOAD Output/Vehicle Release/Obj/thumb_crt0.o
LOAD C:/Program Files/SEGGER/SEGGER Embedded Studio 3.30/lib/libdebugio_mempoll_v7m_t_le_eabi.a
LOAD C:/Program Files/SEGGER/SEGGER Embedded Studio 3.30/lib/libm_v7m_t_le_eabi.a
LOAD C:/Program Files/SEGGER/SEGGER Embedded Studio 3.30/lib/libc_v7m_t_le_eabi.a
LOAD C:/Program Files/SEGGER/SEGGER Embedded Studio 3.30/lib/libcpp_v7m_t_le_eabi.a
LOAD C:/Program Files/SEGGER/SEGGER Embedded Studio 3.30/lib/libdebugio_v7m_t_le_eabi.a
LOAD C:/Program Files/SEGGER/SEGGER Embedded Studio 3.30/lib/libvfprintf_v7m_t_le_eabi.o
LOAD C:/Program Files/SEGGER/SEGGER Embedded Studio 3.30/lib/libvfscanf_v7m_t_le_eabi.o
END GROUP
OUTPUT(Output/Release/Exe/Vehicle.elf elf32-littlearm)

.comment        0x0000000000000000       0x4c
 .comment       0x0000000000000000       0x4c Output/Vehicle Release/Obj/system_stm32f10x.o
                                         0x4d (size before relaxing)
 .comment       0x000000000000004c       0x4d Output/Vehicle Release/Obj/Hal.o
 .comment       0x000000000000004c       0x4d Output/Vehicle Release/Obj/BSP.o
 .comment       0x000000000000004c       0x4d Output/Vehicle Release/Obj/IRQ.o
 .comment       0x000000000000004c       0x4d Output/Vehicle Release/Obj/main.o
 .comment       0x000000000000004c       0x4d Output/Vehicle Release/Obj/Uart.o
 .comment       0x000000000000004c       0x4d Output/Vehicle Release/Obj/Serial.o
 .comment       0x000000000000004c       0x4d Output/Vehicle Release/Obj/Timer.o
 .comment       0x000000000000004c       0x4d Output/Vehicle Release/Obj/imu.o
 .comment       0x000000000000004c       0x4d Output/Vehicle Release/Obj/PololuV5.o
 .comment       0x000000000000004c       0x4d Output/Vehicle Release/Obj/i2c.o
 .comment       0x000000000000004c       0x4d Output/Vehicle Release/Obj/term.o
 .comment       0x000000000000004c       0x4d C:/Program Files/SEGGER/SEGGER Embedded Studio 3.30/lib/libm_v7m_t_le_eabi.a(libm2.o)
 .comment       0x000000000000004c       0x4d C:/Program Files/SEGGER/SEGGER Embedded Studio 3.30/lib/libc_v7m_t_le_eabi.a(libc2.o)

.ARM.attributes
                0x0000000000000000       0x31
 .ARM.attributes
                0x0000000000000000       0x33 Output/Vehicle Release/Obj/system_stm32f10x.o
 .ARM.attributes
                0x0000000000000033       0x33 Output/Vehicle Release/Obj/Hal.o
 .ARM.attributes
                0x0000000000000066       0x33 Output/Vehicle Release/Obj/BSP.o
 .ARM.attributes
                0x0000000000000099       0x33 Output/Vehicle Release/Obj/IRQ.o
 .ARM.attributes
                0x00000000000000cc       0x33 Output/Vehicle Release/Obj/main.o
 .ARM.attributes
                0x00000000000000ff       0x33 Output/Vehicle Release/Obj/Uart.o
 .ARM.attributes
                0x0000000000000132       0x33 Output/Vehicle Release/Obj/Serial.o
 .ARM.attributes
                0x0000000000000165       0x33 Output/Vehicle Release/Obj/Timer.o
 .ARM.attributes
                0x0000000000000198       0x33 Output/Vehicle Release/Obj/imu.o
 .ARM.attributes
                0x00000000000001cb       0x33 Output/Vehicle Release/Obj/PololuV5.o
 .ARM.attributes
                0x00000000000001fe       0x33 Output/Vehicle Release/Obj/i2c.o
 .ARM.attributes
                0x0000000000000231       0x33 Output/Vehicle Release/Obj/term.o
 .ARM.attributes
                0x0000000000000264       0x21 Output/Vehicle Release/Obj/STM32F1xx_Startup.o
 .ARM.attributes
                0x0000000000000285       0x21 Output/Vehicle Release/Obj/STM32F103xx_Vectors.o
 .ARM.attributes
                0x00000000000002a6       0x21 Output/Vehicle Release/Obj/thumb_crt0.o
 .ARM.attributes
                0x00000000000002c7       0x1b C:/Program Files/SEGGER/SEGGER Embedded Studio 3.30/lib/libm_v7m_t_le_eabi.a(libm_asm.o)
 .ARM.attributes
                0x00000000000002e2       0x2d C:/Program Files/SEGGER/SEGGER Embedded Studio 3.30/lib/libm_v7m_t_le_eabi.a(libm2.o)
 .ARM.attributes
                0x000000000000030f       0x1b C:/Program Files/SEGGER/SEGGER Embedded Studio 3.30/lib/libm_v7m_t_le_eabi.a(libm2_asm.o)
 .ARM.attributes
                0x000000000000032a       0x2d C:/Program Files/SEGGER/SEGGER Embedded Studio 3.30/lib/libc_v7m_t_le_eabi.a(libc2.o)
 .ARM.attributes
                0x0000000000000357       0x1b C:/Program Files/SEGGER/SEGGER Embedded Studio 3.30/lib/libc_v7m_t_le_eabi.a(libc2_asm.o)

.debug_frame    0x0000000000000000      0x560
 .debug_frame   0x0000000000000000      0x440 C:/Program Files/SEGGER/SEGGER Embedded Studio 3.30/lib/libm_v7m_t_le_eabi.a(libm_asm.o)
 .debug_frame   0x0000000000000440       0x70 C:/Program Files/SEGGER/SEGGER Embedded Studio 3.30/lib/libm_v7m_t_le_eabi.a(libm2_asm.o)
 .debug_frame   0x00000000000004b0       0xb0 C:/Program Files/SEGGER/SEGGER Embedded Studio 3.30/lib/libc_v7m_t_le_eabi.a(libc2_asm.o)
